MPLINK 5.00, LINKER
Linker Map File - Created Sun Dec 03 22:03:27 2017

                                 Section Info
                  Section       Type    Address   Location Size(Bytes)
                ---------  ---------  ---------  ---------  ---------
               _entry_scn       code   0x000000    program   0x000006
       .code__user_putc.o       code   0x000006    program   0x000002
              high_vector       code   0x000008    program   0x0007dc
                   .cinit    romdata   0x0007e4    program   0x00000e
         .code_vfprintf.o       code   0x0007f2    program   0x000c22
             .code_Main.o       code   0x001414    program   0x00065c
                     PROG       code   0x001a70    program   0x0005ea
           .code_keypad.o       code   0x00205a    program   0x00010e
         .code_openxlcd.o       code   0x002168    program   0x0000ce
          .code_sprintf.o       code   0x002236    program   0x0000ac
               _cinit_scn       code   0x0022e2    program   0x00009e
             .code_putc.o       code   0x002380    program   0x000084
             .stringtable    romdata   0x002404    program   0x000082
          .code_pw2open.o       code   0x002486    program   0x000076
          .code_fxm3232.o       code   0x0024fc    program   0x000070
          .code_adcopen.o       code   0x00256c    program   0x00006e
                   STRING       code   0x0025da    program   0x000066
         .code_putrxlcd.o       code   0x002640    program   0x000064
         .code_pw2setdc.o       code   0x0026a4    program   0x00005e
         .code_setddram.o       code   0x002702    program   0x00004e
         .code_setcgram.o       code   0x002750    program   0x00004e
         .code_writdata.o       code   0x00279e    program   0x00004c
         .code_wcmdxlcd.o       code   0x0027ea    program   0x00004c
         .code_putsxlcd.o       code   0x002836    program   0x00004a
         .code_fxd3232u.o       code   0x002880    program   0x000048
          .code_cp1read.o       code   0x0028c8    program   0x000046
         .code_readdata.o       code   0x00290e    program   0x000044
         .code_readaddr.o       code   0x002952    program   0x000044
          .code_t0write.o       code   0x002996    program   0x000038
           .code_t0open.o       code   0x0029ce    program   0x000038
           .code_t2open.o       code   0x002a06    program   0x000036
         .code_busyxlcd.o       code   0x002a3c    program   0x000036
             D10KTCYXCODE       code   0x002a72    program   0x00002e
                    CTYPE       code   0x002aa0    program   0x000024
              D1KTCYXCODE       code   0x002ac4    program   0x000020
                    .code       code   0x002ae4    program   0x000020
             _startup_scn       code   0x002b04    program   0x00001c
                    STDIO       code   0x002b20    program   0x00001c
              D10TCYXCODE       code   0x002b3c    program   0x000016
          .code_adcread.o       code   0x002b52    program   0x000012
      .romdata_vfprintf.o    romdata   0x002b64    program   0x000011
    .romdata__user_putc.o    romdata   0x002b75    program   0x000000
       .romdata_fxm3232.o    romdata   0x002b75    program   0x000000
        .idata_t0open.o_i    romdata   0x002b75    program   0x000000
        .romdata_t0open.o    romdata   0x002b75    program   0x000000
       .idata_fxm3232.o_i    romdata   0x002b75    program   0x000000
        .idata_t2open.o_i    romdata   0x002b75    program   0x000000
       .romdata_pw2open.o    romdata   0x002b75    program   0x000000
        .romdata_t2open.o    romdata   0x002b75    program   0x000000
      .romdata_fxd3232u.o    romdata   0x002b75    program   0x000000
       .idata_adcread.o_i    romdata   0x002b75    program   0x000000
       .romdata_adcread.o    romdata   0x002b75    program   0x000000
       .idata_pw2open.o_i    romdata   0x002b75    program   0x000000
       .idata_sprintf.o_i    romdata   0x002b75    program   0x000000
        .romdata___init.o    romdata   0x002b75    program   0x000000
       .romdata_sprintf.o    romdata   0x002b75    program   0x000000
        .idata___init.o_i    romdata   0x002b75    program   0x000000
          .romdata_putc.o    romdata   0x002b75    program   0x000000
      .idata_vfprintf.o_i    romdata   0x002b75    program   0x000000
       .romdata_t0write.o    romdata   0x002b75    program   0x000000
       .idata_t0write.o_i    romdata   0x002b75    program   0x000000
    .idata__user_putc.o_i    romdata   0x002b75    program   0x000000
          .idata_putc.o_i    romdata   0x002b75    program   0x000000
      .romdata_pw2setdc.o    romdata   0x002b75    program   0x000000
      .idata_pw2setdc.o_i    romdata   0x002b75    program   0x000000
      .romdata_cap18def.o    romdata   0x002b75    program   0x000000
      .idata_cap18def.o_i    romdata   0x002b75    program   0x000000
      .idata_fxd3232u.o_i    romdata   0x002b75    program   0x000000
       .romdata_cp1read.o    romdata   0x002b75    program   0x000000
       .idata_cp1read.o_i    romdata   0x002b75    program   0x000000
        .idata_keypad.o_i    romdata   0x002b75    program   0x000000
      .romdata_wcmdxlcd.o    romdata   0x002b75    program   0x000000
      .idata_wcmdxlcd.o_i    romdata   0x002b75    program   0x000000
      .romdata_readdata.o    romdata   0x002b75    program   0x000000
      .idata_readdata.o_i    romdata   0x002b75    program   0x000000
      .romdata_setddram.o    romdata   0x002b75    program   0x000000
      .idata_setddram.o_i    romdata   0x002b75    program   0x000000
      .romdata_readaddr.o    romdata   0x002b75    program   0x000000
      .idata_readaddr.o_i    romdata   0x002b75    program   0x000000
      .romdata_putrxlcd.o    romdata   0x002b75    program   0x000000
      .idata_putrxlcd.o_i    romdata   0x002b75    program   0x000000
      .romdata_openxlcd.o    romdata   0x002b75    program   0x000000
      .idata_openxlcd.o_i    romdata   0x002b75    program   0x000000
      .romdata_busyxlcd.o    romdata   0x002b75    program   0x000000
      .idata_busyxlcd.o_i    romdata   0x002b75    program   0x000000
      .romdata_writdata.o    romdata   0x002b75    program   0x000000
      .idata_writdata.o_i    romdata   0x002b75    program   0x000000
      .romdata_setcgram.o    romdata   0x002b75    program   0x000000
      .idata_setcgram.o_i    romdata   0x002b75    program   0x000000
      .romdata_putsxlcd.o    romdata   0x002b75    program   0x000000
      .idata_putsxlcd.o_i    romdata   0x002b75    program   0x000000
         .romdata_c018i.o    romdata   0x002b75    program   0x000000
         .idata_c018i.o_i    romdata   0x002b75    program   0x000000
       .romdata_adcopen.o    romdata   0x002b75    program   0x000000
       .idata_adcopen.o_i    romdata   0x002b75    program   0x000000
       .romdata_adcconv.o    romdata   0x002b75    program   0x000000
       .idata_adcconv.o_i    romdata   0x002b75    program   0x000000
       .romdata_t1close.o    romdata   0x002b75    program   0x000000
       .idata_t1close.o_i    romdata   0x002b75    program   0x000000
       .romdata_t0close.o    romdata   0x002b75    program   0x000000
       .idata_t0close.o_i    romdata   0x002b75    program   0x000000
      .romdata_cp1close.o    romdata   0x002b75    program   0x000000
      .idata_cp1close.o_i    romdata   0x002b75    program   0x000000
      .romdata_adcclose.o    romdata   0x002b75    program   0x000000
      .idata_adcclose.o_i    romdata   0x002b75    program   0x000000
          .romdata_Main.o    romdata   0x002b75    program   0x000000
        .romdata_keypad.o    romdata   0x002b75    program   0x000000
         .code_cap18def.o       code   0x002b76    program   0x000000
          .code_t1close.o       code   0x002b76    program   0x000006
            .code_c018i.o       code   0x002b76    program   0x000000
          .code_t0close.o       code   0x002b7c    program   0x000006
         .code_cp1close.o       code   0x002b82    program   0x000006
         .code_adcclose.o       code   0x002b88    program   0x000006
          .code_adcconv.o       code   0x002b8e    program   0x000004
           .code___init.o       code   0x002b92    program   0x000002
          .idata_Main.o_i    romdata   0x002b94    program   0x000034
    .config_300003_Main.o    romdata   0x300003    program   0x000001
    .config_300005_Main.o    romdata   0x300005    program   0x000001
    .config_300006_Main.o    romdata   0x300006    program   0x000001
                MATH_DATA      udata   0x000000       data   0x000014
         isr_function_tmp      udata   0x000014       data   0x00000f
                 .tmpdata      udata   0x000023       data   0x000007
                DELAYDAT2      udata   0x00002a       data   0x000001
                DELAYDAT1      udata   0x00002b       data   0x000001
            .idata_Main.o      idata   0x000060       data   0x000034
            .udata_Main.o      udata   0x000094       data   0x00001a
           .udata_c018i.o      udata   0x0000ae       data   0x00000a
          .udata_keypad.o      udata   0x0000b8       data   0x000004
        .udata_cap18def.o      udata   0x0000bc       data   0x000001
         .idata_pw2open.o      idata   0x0000bd       data   0x000000
          .udata_t0open.o      udata   0x0000bd       data   0x000000
          .idata_t0open.o      idata   0x0000bd       data   0x000000
          .udata_t2open.o      udata   0x0000bd       data   0x000000
          .idata_t2open.o      idata   0x0000bd       data   0x000000
         .udata_adcread.o      udata   0x0000bd       data   0x000000
         .idata_adcread.o      idata   0x0000bd       data   0x000000
      .udata__user_putc.o      udata   0x0000bd       data   0x000000
         .udata_pw2open.o      udata   0x0000bd       data   0x000000
         .idata_adcopen.o      idata   0x0000bd       data   0x000000
         .udata_cp1read.o      udata   0x0000bd       data   0x000000
         .udata_adcopen.o      udata   0x0000bd       data   0x000000
      .idata__user_putc.o      idata   0x0000bd       data   0x000000
            .idata_putc.o      idata   0x0000bd       data   0x000000
            .udata_putc.o      udata   0x0000bd       data   0x000000
         .idata_fxm3232.o      idata   0x0000bd       data   0x000000
         .udata_fxm3232.o      udata   0x0000bd       data   0x000000
        .idata_fxd3232u.o      idata   0x0000bd       data   0x000000
        .udata_fxd3232u.o      udata   0x0000bd       data   0x000000
        .idata_vfprintf.o      idata   0x0000bd       data   0x000000
        .udata_vfprintf.o      udata   0x0000bd       data   0x000000
         .idata_sprintf.o      idata   0x0000bd       data   0x000000
         .udata_sprintf.o      udata   0x0000bd       data   0x000000
          .idata___init.o      idata   0x0000bd       data   0x000000
          .udata___init.o      udata   0x0000bd       data   0x000000
         .idata_t0write.o      idata   0x0000bd       data   0x000000
         .udata_t0write.o      udata   0x0000bd       data   0x000000
        .idata_pw2setdc.o      idata   0x0000bd       data   0x000000
        .udata_pw2setdc.o      udata   0x0000bd       data   0x000000
        .idata_cap18def.o      idata   0x0000bd       data   0x000000
         .idata_cp1read.o      idata   0x0000bd       data   0x000000
           .idata_c018i.o      idata   0x0000bd       data   0x000000
        .udata_putsxlcd.o      udata   0x0000bd       data   0x000000
        .idata_putsxlcd.o      idata   0x0000bd       data   0x000000
        .udata_setcgram.o      udata   0x0000bd       data   0x000000
        .idata_setcgram.o      idata   0x0000bd       data   0x000000
        .udata_writdata.o      udata   0x0000bd       data   0x000000
        .idata_writdata.o      idata   0x0000bd       data   0x000000
        .udata_busyxlcd.o      udata   0x0000bd       data   0x000000
        .idata_busyxlcd.o      idata   0x0000bd       data   0x000000
        .udata_openxlcd.o      udata   0x0000bd       data   0x000000
        .idata_openxlcd.o      idata   0x0000bd       data   0x000000
        .udata_putrxlcd.o      udata   0x0000bd       data   0x000000
        .idata_putrxlcd.o      idata   0x0000bd       data   0x000000
        .udata_readaddr.o      udata   0x0000bd       data   0x000000
        .idata_readaddr.o      idata   0x0000bd       data   0x000000
        .udata_setddram.o      udata   0x0000bd       data   0x000000
         .idata_adcconv.o      idata   0x0000bd       data   0x000000
         .udata_adcconv.o      udata   0x0000bd       data   0x000000
         .idata_t1close.o      idata   0x0000bd       data   0x000000
         .udata_t1close.o      udata   0x0000bd       data   0x000000
         .idata_t0close.o      idata   0x0000bd       data   0x000000
         .udata_t0close.o      udata   0x0000bd       data   0x000000
        .idata_cp1close.o      idata   0x0000bd       data   0x000000
        .udata_cp1close.o      udata   0x0000bd       data   0x000000
        .idata_adcclose.o      idata   0x0000bd       data   0x000000
        .udata_adcclose.o      udata   0x0000bd       data   0x000000
          .idata_keypad.o      idata   0x0000bd       data   0x000000
        .idata_wcmdxlcd.o      idata   0x0000bd       data   0x000000
        .udata_wcmdxlcd.o      udata   0x0000bd       data   0x000000
        .idata_readdata.o      idata   0x0000bd       data   0x000000
        .udata_readdata.o      udata   0x0000bd       data   0x000000
        .idata_setddram.o      idata   0x0000bd       data   0x000000
                   .stack      udata   0x000300       data   0x000100
            SFR_UNBANKED0      udata   0x000f62       data   0x00009e



                              Program Memory Usage 
                               Start         End      
                           ---------   ---------      
                            0x000000    0x002b74      
                            0x002b76    0x002bc7      
                            0x300003    0x300003      
                            0x300005    0x300006      
            11210 out of 33048 program addresses used, program memory utilization is 33%



                              Symbols - Sorted by Name
                     Name    Address   Location    Storage File                     
                ---------  ---------  ---------  --------- ---------                
                  Bpm_LCD   0x00014a    program     extern E:\Microp Project\GroupB Microp.X\Main.c
                 BusyXLCD   0x002a3c    program     extern E:\Microp Project\GroupB Microp.X\xlcd\busyxlcd.c
                 Calc_Bpm   0x0000fc    program     extern E:\Microp Project\GroupB Microp.X\Main.c
                 CloseADC   0x002b88    program     extern E:\3.46\pic18-lt\cxx-framework\src\pmc_common\ADC\adcclose.c
            CloseCapture1   0x002b82    program     extern E:\3.46\pic18-lt\cxx-framework\src\pmc_common\CCP\cp1close.c
              CloseTimer0   0x002b7c    program     extern E:\3.46\pic18-lt\cxx-framework\src\pmc_common\Timers\t0close.c
              CloseTimer1   0x002b76    program     extern E:\3.46\pic18-lt\cxx-framework\src\pmc_common\Timers\t1close.c
               ConvertADC   0x002b8e    program     extern E:\3.46\pic18-lt\cxx-framework\src\pmc_common\ADC\adcconv.c
                   D10K_1   0x002a7e    program     static E:\3.46\pic18-lt\cxx-framework\src\traditional\delays\d10ktcyx.asm
                    D10Kl   0x002a8a    program     static E:\3.46\pic18-lt\cxx-framework\src\traditional\delays\d10ktcyx.asm
                    D10Kx   0x002a7c    program     static E:\3.46\pic18-lt\cxx-framework\src\traditional\delays\d10ktcyx.asm
                    D10_1   0x002b4c    program     static E:\3.46\pic18-lt\cxx-framework\src\traditional\delays\d10tcyx.asm
                     D10x   0x002b44    program     static E:\3.46\pic18-lt\cxx-framework\src\traditional\delays\d10tcyx.asm
                    D1K_1   0x002ad0    program     static E:\3.46\pic18-lt\cxx-framework\src\traditional\delays\d1ktcyx.asm
                     D1Kx   0x002ace    program     static E:\3.46\pic18-lt\cxx-framework\src\traditional\delays\d1ktcyx.asm
             Delay10KTCYx   0x002a72    program     extern E:\3.46\pic18-lt\cxx-framework\src\traditional\delays\d10ktcyx.asm
              Delay10TCYx   0x002b3c    program     extern E:\3.46\pic18-lt\cxx-framework\src\traditional\delays\d10tcyx.asm
              Delay1KTCYx   0x002ac4    program     extern E:\3.46\pic18-lt\cxx-framework\src\traditional\delays\d1ktcyx.asm
            DelayFor18TCY   0x00000e    program     extern E:\Microp Project\GroupB Microp.X\Main.c
             DelayPORXLCD   0x000028    program     extern E:\Microp Project\GroupB Microp.X\Main.c
                DelayXLCD   0x000034    program     extern E:\Microp Project\GroupB Microp.X\Main.c
                 FLO1632S   0x001a74    program     extern E:\3.46\pic18-lt\cxx-framework\src\traditional\math\cast16FP.asm
                 FLO1632U   0x001a70    program     extern E:\3.46\pic18-lt\cxx-framework\src\traditional\math\cast16FP.asm
                    FPA32   0x001a9c    program     extern E:\3.46\pic18-lt\cxx-framework\src\traditional\math\addFP.asm
                    FPD32   0x001bc8    program     extern E:\3.46\pic18-lt\cxx-framework\src\traditional\math\divFP.asm
                    FPM32   0x001c6e    program     extern E:\3.46\pic18-lt\cxx-framework\src\traditional\math\mulFP.asm
                    FPS32   0x001a9a    program     extern E:\3.46\pic18-lt\cxx-framework\src\traditional\math\addFP.asm
                 FXD3232U   0x002880    program     extern E:\3.46\pic18-lt\cxx-framework\src\traditional\math\fxd3232u.c
                 FXM1616S   0x001d48    program     extern E:\3.46\pic18-lt\cxx-framework\src\traditional\math\fxm1616s.asm
                 FXM2424U   0x001da2    program     extern E:\3.46\pic18-lt\cxx-framework\src\traditional\math\fxm2424u.asm
                  FXM3232   0x0024fc    program     extern E:\3.46\pic18-lt\cxx-framework\src\traditional\math\fxm3232.c
                  Hrv_LCD   0x00020e    program     extern E:\Microp Project\GroupB Microp.X\Main.c
                  INT3216   0x001e34    program     extern E:\3.46\pic18-lt\cxx-framework\src\traditional\math\castFP16.asm
                  OpenADC   0x00256c    program     extern E:\3.46\pic18-lt\cxx-framework\src\pmc_common\ADC\adcopen.c
                 OpenPWM2   0x002486    program     extern E:\3.46\pic18-lt\cxx-framework\src\pmc_common\PWM\pw2open.c
               OpenTimer0   0x0029ce    program     extern E:\3.46\pic18-lt\cxx-framework\src\pmc_common\Timers\t0open.c
               OpenTimer2   0x002a06    program     extern E:\3.46\pic18-lt\cxx-framework\src\pmc_common\Timers\t2open.c
                 OpenXLCD   0x002168    program     extern E:\Microp Project\GroupB Microp.X\xlcd\openxlcd.c
                  ReadADC   0x002b52    program     extern E:\3.46\pic18-lt\cxx-framework\src\pmc_common\ADC\adcread.c
             ReadAddrXLCD   0x002952    program     extern E:\Microp Project\GroupB Microp.X\xlcd\readaddr.c
             ReadCapture1   0x0028c8    program     extern E:\3.46\pic18-lt\cxx-framework\src\pmc_common\CCP\cp1read.c
             ReadDataXLCD   0x00290e    program     extern E:\Microp Project\GroupB Microp.X\xlcd\readdata.c
             SetCGRamAddr   0x002750    program     extern E:\Microp Project\GroupB Microp.X\xlcd\setcgram.c
                SetDCPWM2   0x0026a4    program     extern E:\3.46\pic18-lt\cxx-framework\src\pmc_common\PWM\pw2setdc.c
             SetDDRamAddr   0x002702    program     extern E:\Microp Project\GroupB Microp.X\xlcd\setddram.c
                Setup_ADC   0x0000c8    program     extern E:\Microp Project\GroupB Microp.X\Main.c
         Setup_Interrupts   0x00009c    program     extern E:\Microp Project\GroupB Microp.X\Main.c
                Setup_PWM   0x0000e0    program     extern E:\Microp Project\GroupB Microp.X\Main.c
             Setup_Timers   0x000082    program     extern E:\Microp Project\GroupB Microp.X\Main.c
                    Start   0x000592    program     extern E:\Microp Project\GroupB Microp.X\Main.c
                  TAGTB32   0x001e92    program     extern E:\3.46\pic18-lt\cxx-framework\src\traditional\math\gtFP.asm
               TSIGN1616A   0x001d94    program     static E:\3.46\pic18-lt\cxx-framework\src\traditional\math\fxm1616s.asm
             WriteCmdXLCD   0x0027ea    program     extern E:\Microp Project\GroupB Microp.X\xlcd\wcmdxlcd.c
            WriteDataXLCD   0x00279e    program     extern E:\Microp Project\GroupB Microp.X\xlcd\writdata.c
              WriteTimer0   0x002996    program     extern E:\3.46\pic18-lt\cxx-framework\src\pmc_common\Timers\t0write.c
                   _2jEnd   0x00262a    program     static E:\3.46\pic18-lt\cxx-framework\src\traditional\stdclib\slenpgm.asm
       _D10KTCYXCODE_0010   0x002a82    program     static E:\3.46\pic18-lt\cxx-framework\src\traditional\delays\d10ktcyx.asm
       _D10KTCYXCODE_001C   0x002a8e    program     static E:\3.46\pic18-lt\cxx-framework\src\traditional\delays\d10ktcyx.asm
        _D10TCYXCODE_000A   0x002b46    program     static E:\3.46\pic18-lt\cxx-framework\src\traditional\delays\d10tcyx.asm
        _D10TCYXCODE_000C   0x002b48    program     static E:\3.46\pic18-lt\cxx-framework\src\traditional\delays\d10tcyx.asm
        _D10TCYXCODE_000E   0x002b4a    program     static E:\3.46\pic18-lt\cxx-framework\src\traditional\delays\d10tcyx.asm
        _D1KTCYXCODE_0010   0x002ad4    program     static E:\3.46\pic18-lt\cxx-framework\src\traditional\delays\d1ktcyx.asm
        _D1KTCYXCODE_0016   0x002ada    program     static E:\3.46\pic18-lt\cxx-framework\src\traditional\delays\d1ktcyx.asm
              __FpCompare   0x001ea4    program     extern E:\3.46\pic18-lt\cxx-framework\src\traditional\math\compFP.asm
                 __FpExit   0x001f5a    program     extern E:\3.46\pic18-lt\cxx-framework\src\traditional\math\packFP.asm
                 __FpPack   0x001f86    program     extern E:\3.46\pic18-lt\cxx-framework\src\traditional\math\packFP.asm
            __FpReturnNaN   0x001f4e    program     extern E:\3.46\pic18-lt\cxx-framework\src\traditional\math\packFP.asm
         __FpReturnNegInf   0x001f60    program     extern E:\3.46\pic18-lt\cxx-framework\src\traditional\math\packFP.asm
        __FpReturnNegZero   0x001f78    program     extern E:\3.46\pic18-lt\cxx-framework\src\traditional\math\packFP.asm
         __FpReturnPosInf   0x001f66    program     extern E:\3.46\pic18-lt\cxx-framework\src\traditional\math\packFP.asm
        __FpReturnPosZero   0x001f80    program     extern E:\3.46\pic18-lt\cxx-framework\src\traditional\math\packFP.asm
        __FpReturnSignInf   0x001f5c    program     extern E:\3.46\pic18-lt\cxx-framework\src\traditional\math\packFP.asm
       __FpReturnSignZero   0x001f74    program     extern E:\3.46\pic18-lt\cxx-framework\src\traditional\math\packFP.asm
              __FpReturnW   0x001fde    program     extern E:\3.46\pic18-lt\cxx-framework\src\traditional\math\packFP.asm
              __FpUnPackA   0x001ffe    program     extern E:\3.46\pic18-lt\cxx-framework\src\traditional\math\UnpackFP.asm
              __FpUnPackB   0x00202e    program     extern E:\3.46\pic18-lt\cxx-framework\src\traditional\math\UnpackFP.asm
         ___else_lbl00002   0x0024c2    program     static                          
         ___else_lbl00004   0x0024d0    program     static                          
          ___for_lbl00006   0x001554    program     static                          
          ___for_lbl00007   0x00155a    program     static                          
          ___for_lbl00008   0x0014f8    program     static                          
           ___if_lbl00001   0x0024c6    program     static                          
           ___if_lbl00003   0x0024d2    program     static                          
       ___return_lbl00000   0x0024e4    program     static                          
       ___return_lbl00000   0x0028c6    program     static                          
       ___return_lbl00000   0x00256a    program     static                          
       ___return_lbl00000   0x000004    program     static                          
       ___return_lbl00001   0x002b1e    program     static                          
       ___return_lbl00002   0x00237e    program     static                          
       ___return_lbl00005   0x00155e    program     static                          
       ___return_lbl00029   0x00000c    program     static                          
       ___return_lbl00030   0x000026    program     static                          
               __config_0   0x300003    program     static E:\Microp Project\GroupB Microp.X\Main.c
               __config_1   0x300005    program     static E:\Microp Project\GroupB Microp.X\Main.c
               __config_2   0x300006    program     static E:\Microp Project\GroupB Microp.X\Main.c
                   __init   0x002b92    program     extern E:\3.46\pic18-lt\cxx-framework\src\traditional\stdclib\__init.c
                   __pa_0   0x001132    program     static E:\3.46\pic18-lt\cxx-framework\src\traditional\stdclib\vfprintf.c
                   __pa_1   0x00113a    program     static E:\3.46\pic18-lt\cxx-framework\src\traditional\stdclib\vfprintf.c
                  __pa_10   0x0011ee    program     static E:\3.46\pic18-lt\cxx-framework\src\traditional\stdclib\vfprintf.c
                  __pa_11   0x0011fc    program     static E:\3.46\pic18-lt\cxx-framework\src\traditional\stdclib\vfprintf.c
                  __pa_12   0x001212    program     static E:\3.46\pic18-lt\cxx-framework\src\traditional\stdclib\vfprintf.c
                  __pa_13   0x00122c    program     static E:\3.46\pic18-lt\cxx-framework\src\traditional\stdclib\vfprintf.c
                  __pa_14   0x001244    program     static E:\3.46\pic18-lt\cxx-framework\src\traditional\stdclib\vfprintf.c
                  __pa_15   0x001254    program     static E:\3.46\pic18-lt\cxx-framework\src\traditional\stdclib\vfprintf.c
                  __pa_16   0x00126a    program     static E:\3.46\pic18-lt\cxx-framework\src\traditional\stdclib\vfprintf.c
                  __pa_17   0x00127c    program     static E:\3.46\pic18-lt\cxx-framework\src\traditional\stdclib\vfprintf.c
                  __pa_18   0x00128e    program     static E:\3.46\pic18-lt\cxx-framework\src\traditional\stdclib\vfprintf.c
                  __pa_19   0x001298    program     static E:\3.46\pic18-lt\cxx-framework\src\traditional\stdclib\vfprintf.c
                   __pa_2   0x001144    program     static E:\3.46\pic18-lt\cxx-framework\src\traditional\stdclib\vfprintf.c
                  __pa_20   0x0012a8    program     static E:\3.46\pic18-lt\cxx-framework\src\traditional\stdclib\vfprintf.c
                  __pa_21   0x0012b8    program     static E:\3.46\pic18-lt\cxx-framework\src\traditional\stdclib\vfprintf.c
                  __pa_22   0x0012c8    program     static E:\3.46\pic18-lt\cxx-framework\src\traditional\stdclib\vfprintf.c
                  __pa_23   0x0012d4    program     static E:\3.46\pic18-lt\cxx-framework\src\traditional\stdclib\vfprintf.c
                  __pa_24   0x0012e2    program     static E:\3.46\pic18-lt\cxx-framework\src\traditional\stdclib\vfprintf.c
                  __pa_25   0x0012ea    program     static E:\3.46\pic18-lt\cxx-framework\src\traditional\stdclib\vfprintf.c
                  __pa_26   0x0012f4    program     static E:\3.46\pic18-lt\cxx-framework\src\traditional\stdclib\vfprintf.c
                  __pa_27   0x0012fe    program     static E:\3.46\pic18-lt\cxx-framework\src\traditional\stdclib\vfprintf.c
                  __pa_28   0x001306    program     static E:\3.46\pic18-lt\cxx-framework\src\traditional\stdclib\vfprintf.c
                  __pa_29   0x001314    program     static E:\3.46\pic18-lt\cxx-framework\src\traditional\stdclib\vfprintf.c
                   __pa_3   0x00114e    program     static E:\3.46\pic18-lt\cxx-framework\src\traditional\stdclib\vfprintf.c
                  __pa_30   0x001330    program     static E:\3.46\pic18-lt\cxx-framework\src\traditional\stdclib\vfprintf.c
                  __pa_31   0x00134a    program     static E:\3.46\pic18-lt\cxx-framework\src\traditional\stdclib\vfprintf.c
                  __pa_32   0x001364    program     static E:\3.46\pic18-lt\cxx-framework\src\traditional\stdclib\vfprintf.c
                  __pa_33   0x00137c    program     static E:\3.46\pic18-lt\cxx-framework\src\traditional\stdclib\vfprintf.c
                  __pa_34   0x001386    program     static E:\3.46\pic18-lt\cxx-framework\src\traditional\stdclib\vfprintf.c
                  __pa_35   0x001394    program     static E:\3.46\pic18-lt\cxx-framework\src\traditional\stdclib\vfprintf.c
                  __pa_36   0x00139c    program     static E:\3.46\pic18-lt\cxx-framework\src\traditional\stdclib\vfprintf.c
                  __pa_37   0x0013a6    program     static E:\3.46\pic18-lt\cxx-framework\src\traditional\stdclib\vfprintf.c
                  __pa_38   0x0013b6    program     static E:\3.46\pic18-lt\cxx-framework\src\traditional\stdclib\vfprintf.c
                  __pa_39   0x0013c4    program     static E:\3.46\pic18-lt\cxx-framework\src\traditional\stdclib\vfprintf.c
                   __pa_4   0x001166    program     static E:\3.46\pic18-lt\cxx-framework\src\traditional\stdclib\vfprintf.c
                  __pa_40   0x0013d0    program     static E:\3.46\pic18-lt\cxx-framework\src\traditional\stdclib\vfprintf.c
                  __pa_41   0x0013dc    program     static E:\3.46\pic18-lt\cxx-framework\src\traditional\stdclib\vfprintf.c
                  __pa_42   0x0013e4    program     static E:\3.46\pic18-lt\cxx-framework\src\traditional\stdclib\vfprintf.c
                  __pa_43   0x0013ee    program     static E:\3.46\pic18-lt\cxx-framework\src\traditional\stdclib\vfprintf.c
                  __pa_44   0x0013f4    program     static E:\3.46\pic18-lt\cxx-framework\src\traditional\stdclib\vfprintf.c
                  __pa_45   0x0013fe    program     static E:\3.46\pic18-lt\cxx-framework\src\traditional\stdclib\vfprintf.c
                  __pa_46   0x00140a    program     static E:\3.46\pic18-lt\cxx-framework\src\traditional\stdclib\vfprintf.c
                   __pa_5   0x00117a    program     static E:\3.46\pic18-lt\cxx-framework\src\traditional\stdclib\vfprintf.c
                   __pa_6   0x001196    program     static E:\3.46\pic18-lt\cxx-framework\src\traditional\stdclib\vfprintf.c
                   __pa_7   0x0011a0    program     static E:\3.46\pic18-lt\cxx-framework\src\traditional\stdclib\vfprintf.c
                   __pa_8   0x0011ac    program     static E:\3.46\pic18-lt\cxx-framework\src\traditional\stdclib\vfprintf.c
                   __pa_9   0x0011ce    program     static E:\3.46\pic18-lt\cxx-framework\src\traditional\stdclib\vfprintf.c
               __string_0   0x00247b    program     static E:\Microp Project\GroupB Microp.X\Main.c
               __string_1   0x002473    program     static E:\Microp Project\GroupB Microp.X\Main.c
              __string_10   0x002404    program     static E:\Microp Project\GroupB Microp.X\Main.c
               __string_2   0x002468    program     static E:\Microp Project\GroupB Microp.X\Main.c
               __string_3   0x00245f    program     static E:\Microp Project\GroupB Microp.X\Main.c
               __string_4   0x002451    program     static E:\Microp Project\GroupB Microp.X\Main.c
               __string_5   0x002446    program     static E:\Microp Project\GroupB Microp.X\Main.c
               __string_6   0x00243a    program     static E:\Microp Project\GroupB Microp.X\Main.c
               __string_7   0x00242b    program     static E:\Microp Project\GroupB Microp.X\Main.c
               __string_8   0x00241c    program     static E:\Microp Project\GroupB Microp.X\Main.c
               __string_9   0x00240f    program     static E:\Microp Project\GroupB Microp.X\Main.c
              __tmplbl_42   0x0012c8    program     static                          
              __tmplbl_43   0x001110    program     static                          
              __tmplbl_44   0x0010f6    program     static                          
               __tmplbl_7   0x00150c    program     static                          
              __tmplbl_85   0x000848    program     static                          
            __zero_memory   0x002ae4    program     extern E:\3.46\pic18-lt\cxx-framework\src\traditional\proc\p18f4550.asm
                _do_cinit   0x0022e2    program     extern E:\3.46\pic18-lt\cxx-framework\src\traditional\startup\c018i.c
                   _entry   0x000000    program     extern E:\3.46\pic18-lt\cxx-framework\src\traditional\startup\c018i.c
                   _false   0x0028c2    program     static                          
                 _startup   0x002b04    program     extern E:\3.46\pic18-lt\cxx-framework\src\traditional\startup\c018i.c
              _usart_putc   0x002b20    program     extern E:\3.46\pic18-lt\cxx-framework\src\pmc_common\USART\_usartpc.asm
               _user_putc   0x000006    program     extern E:\3.46\pic18-lt\cxx-framework\src\traditional\stdclib\_user_putc.c
                    clear   0x0004c2    program     extern E:\Microp Project\GroupB Microp.X\Main.c
                compare_l   0x002afa    program     static E:\3.46\pic18-lt\cxx-framework\src\traditional\proc\p18f4550.asm
                copy_loop   0x002354    program     static                          
            copy_one_byte   0x00235a    program     static                          
                  display   0x000440    program     extern E:\Microp Project\GroupB Microp.X\Main.c
                     done   0x00237e    program     static                          
             done_copying   0x002368    program     static                          
               enable_int   0x0000be    program     extern E:\Microp Project\GroupB Microp.X\Main.c
                   getHrv   0x0001be    program     extern E:\Microp Project\GroupB Microp.X\Main.c
                get_fract   0x00034e    program     extern E:\Microp Project\GroupB Microp.X\Main.c
                  get_int   0x0002f8    program     extern E:\Microp Project\GroupB Microp.X\Main.c
                init_XLCD   0x000040    program     extern E:\Microp Project\GroupB Microp.X\Main.c
 interrupt_at_high_vector   0x000008    program     extern E:\Microp Project\GroupB Microp.X\Main.c
                  isdigit   0x002aa0    program     extern E:\3.46\pic18-lt\cxx-framework\src\traditional\stdclib\isdigit.asm
             isr_function   0x001576    program     extern E:\Microp Project\GroupB Microp.X\Main.c
                 jANotInf   0x001c8c    program     static E:\3.46\pic18-lt\cxx-framework\src\traditional\math\mulFP.asm
                 jANotInf   0x001be6    program     static E:\3.46\pic18-lt\cxx-framework\src\traditional\math\divFP.asm
                 jANotInf   0x001ac4    program     static E:\3.46\pic18-lt\cxx-framework\src\traditional\math\addFP.asm
                 jANotNeg   0x001b58    program     static E:\3.46\pic18-lt\cxx-framework\src\traditional\math\addFP.asm
                jANotZero   0x001bfa    program     static E:\3.46\pic18-lt\cxx-framework\src\traditional\math\divFP.asm
              jAandWsetup   0x001b28    program     static E:\3.46\pic18-lt\cxx-framework\src\traditional\math\addFP.asm
                  jAisNeg   0x001f20    program     static E:\3.46\pic18-lt\cxx-framework\src\traditional\math\compFP.asm
                 jAltBexp   0x001b16    program     static E:\3.46\pic18-lt\cxx-framework\src\traditional\math\addFP.asm
                jBANotInf   0x001aba    program     static E:\3.46\pic18-lt\cxx-framework\src\traditional\math\addFP.asm
                 jBNotInf   0x001ad2    program     static E:\3.46\pic18-lt\cxx-framework\src\traditional\math\addFP.asm
              jBothFinite   0x001c9a    program     static E:\3.46\pic18-lt\cxx-framework\src\traditional\math\mulFP.asm
             jBothNotZero   0x001ca6    program     static E:\3.46\pic18-lt\cxx-framework\src\traditional\math\mulFP.asm
             jBothNotZero   0x001ec2    program     static E:\3.46\pic18-lt\cxx-framework\src\traditional\math\compFP.asm
            jDifOrPosSign   0x001ae6    program     static E:\3.46\pic18-lt\cxx-framework\src\traditional\math\addFP.asm
                      jEQ   0x001ede    program     static E:\3.46\pic18-lt\cxx-framework\src\traditional\math\compFP.asm
                     jEnd   0x00262c    program     static E:\3.46\pic18-lt\cxx-framework\src\traditional\stdclib\slenpgm.asm
                     jEnd   0x0025f4    program     static E:\3.46\pic18-lt\cxx-framework\src\traditional\stdclib\strlen.asm
                    jExch   0x001eea    program     static E:\3.46\pic18-lt\cxx-framework\src\traditional\math\compFP.asm
                    jExit   0x001e90    program     static E:\3.46\pic18-lt\cxx-framework\src\traditional\math\castFP16.asm
                   jExpEQ   0x001f30    program     static E:\3.46\pic18-lt\cxx-framework\src\traditional\math\compFP.asm
                   jFinal   0x001f14    program     static E:\3.46\pic18-lt\cxx-framework\src\traditional\math\compFP.asm
               jFinalSign   0x001bc0    program     static E:\3.46\pic18-lt\cxx-framework\src\traditional\math\addFP.asm
                jHaveZero   0x001ca2    program     static E:\3.46\pic18-lt\cxx-framework\src\traditional\math\mulFP.asm
                jI2F16Beg   0x001a84    program     static E:\3.46\pic18-lt\cxx-framework\src\traditional\math\cast16FP.asm
                    jLoop   0x002614    program     static E:\3.46\pic18-lt\cxx-framework\src\traditional\stdclib\slenpgm.asm
                    jLoop   0x0025ea    program     static E:\3.46\pic18-lt\cxx-framework\src\traditional\stdclib\strlen.asm
                    jLoop   0x001e70    program     static E:\3.46\pic18-lt\cxx-framework\src\traditional\math\castFP16.asm
                    jLoop   0x001c22    program     static E:\3.46\pic18-lt\cxx-framework\src\traditional\math\divFP.asm
                jLoopExit   0x001e80    program     static E:\3.46\pic18-lt\cxx-framework\src\traditional\math\castFP16.asm
                   jMatch   0x002ac0    program     static E:\3.46\pic18-lt\cxx-framework\src\traditional\stdclib\isdigit.asm
                     jMax   0x001e44    program     static E:\3.46\pic18-lt\cxx-framework\src\traditional\math\castFP16.asm
                  jMaxNeg   0x001e52    program     static E:\3.46\pic18-lt\cxx-framework\src\traditional\math\castFP16.asm
                  jMaxPos   0x001e48    program     static E:\3.46\pic18-lt\cxx-framework\src\traditional\math\castFP16.asm
                      jNE   0x001ee2    program     static E:\3.46\pic18-lt\cxx-framework\src\traditional\math\compFP.asm
                    jNext   0x001c48    program     static E:\3.46\pic18-lt\cxx-framework\src\traditional\math\divFP.asm
                jNoAdjust   0x001c46    program     static E:\3.46\pic18-lt\cxx-framework\src\traditional\math\divFP.asm
                  jNoExch   0x001f0a    program     static E:\3.46\pic18-lt\cxx-framework\src\traditional\math\compFP.asm
                 jNoMatch   0x002ac2    program     static E:\3.46\pic18-lt\cxx-framework\src\traditional\stdclib\isdigit.asm
             jNotBothZero   0x001aea    program     static E:\3.46\pic18-lt\cxx-framework\src\traditional\math\addFP.asm
                  jNotInf   0x001e60    program     static E:\3.46\pic18-lt\cxx-framework\src\traditional\math\castFP16.asm
                  jPkLoop   0x001f94    program     static E:\3.46\pic18-lt\cxx-framework\src\traditional\math\packFP.asm
             jPkRoundDone   0x001fde    program     static E:\3.46\pic18-lt\cxx-framework\src\traditional\math\packFP.asm
               jPkRoundIt   0x001fc6    program     static E:\3.46\pic18-lt\cxx-framework\src\traditional\math\packFP.asm
             jPkShiftDone   0x001fb0    program     static E:\3.46\pic18-lt\cxx-framework\src\traditional\math\packFP.asm
           jReturnPosInf0   0x001f6a    program     static E:\3.46\pic18-lt\cxx-framework\src\traditional\math\packFP.asm
                  jRotate   0x001f3c    program     static E:\3.46\pic18-lt\cxx-framework\src\traditional\math\compFP.asm
                   jShift   0x001f26    program     static E:\3.46\pic18-lt\cxx-framework\src\traditional\math\compFP.asm
               jShiftDone   0x001b80    program     static E:\3.46\pic18-lt\cxx-framework\src\traditional\math\addFP.asm
               jShiftLoop   0x001b72    program     static E:\3.46\pic18-lt\cxx-framework\src\traditional\math\addFP.asm
                jSignDone   0x001bb0    program     static E:\3.46\pic18-lt\cxx-framework\src\traditional\math\addFP.asm
              jSignedZero   0x001bf0    program     static E:\3.46\pic18-lt\cxx-framework\src\traditional\math\divFP.asm
                 jSignsEQ   0x001ec6    program     static E:\3.46\pic18-lt\cxx-framework\src\traditional\math\compFP.asm
                  jUnpkA1   0x002008    program     static E:\3.46\pic18-lt\cxx-framework\src\traditional\math\UnpackFP.asm
                  jUnpkA2   0x002020    program     static E:\3.46\pic18-lt\cxx-framework\src\traditional\math\UnpackFP.asm
                 jUnpkANZ   0x002016    program     static E:\3.46\pic18-lt\cxx-framework\src\traditional\math\UnpackFP.asm
                  jUnpkB1   0x002038    program     static E:\3.46\pic18-lt\cxx-framework\src\traditional\math\UnpackFP.asm
                  jUnpkB2   0x002050    program     static E:\3.46\pic18-lt\cxx-framework\src\traditional\math\UnpackFP.asm
                 jUnpkBNZ   0x002046    program     static E:\3.46\pic18-lt\cxx-framework\src\traditional\math\UnpackFP.asm
                 jUnpkNaN   0x00202a    program     static E:\3.46\pic18-lt\cxx-framework\src\traditional\math\UnpackFP.asm
                 jWNotNeg   0x001b6c    program     static E:\3.46\pic18-lt\cxx-framework\src\traditional\math\addFP.asm
                    jZero   0x001e5a    program     static E:\3.46\pic18-lt\cxx-framework\src\traditional\math\castFP16.asm
               jZero1and2   0x001f6e    program     static E:\3.46\pic18-lt\cxx-framework\src\traditional\math\packFP.asm
              keypad_read   0x00205a    program     extern E:\Microp Project\GroupB Microp.X\keypad.c
              keypad_wait   0x002146    program     extern E:\Microp Project\GroupB Microp.X\keypad.c
                     loop   0x00288e    program     static                          
                     loop   0x002b30    program     static E:\3.46\pic18-lt\cxx-framework\src\pmc_common\USART\_usartpc.asm
                     loop   0x002b14    program     static                          
                   loop_h   0x002af2    program     static E:\3.46\pic18-lt\cxx-framework\src\traditional\proc\p18f4550.asm
                   loop_l   0x002afc    program     static E:\3.46\pic18-lt\cxx-framework\src\traditional\proc\p18f4550.asm
                     main   0x0006e4    program     extern E:\Microp Project\GroupB Microp.X\Main.c
             ow_read_byte   0x0014e6    program     extern E:\Microp Project\GroupB Microp.X\ow.h
                 ow_reset   0x001414    program     extern E:\Microp Project\GroupB Microp.X\ow.h
            ow_write_byte   0x001474    program     extern E:\Microp Project\GroupB Microp.X\ow.h
                     putc   0x002380    program     extern E:\3.46\pic18-lt\cxx-framework\src\traditional\stdclib\putc.c
                putrsXLCD   0x002640    program     extern E:\Microp Project\GroupB Microp.X\xlcd\putrxlcd.c
                 putsXLCD   0x002836    program     extern E:\Microp Project\GroupB Microp.X\xlcd\putsxlcd.c
                 resetVar   0x000556    program     extern E:\Microp Project\GroupB Microp.X\Main.c
                 s_digits   0x002b64    program     static E:\3.46\pic18-lt\cxx-framework\src\traditional\stdclib\vfprintf.c
            s_put_n_chars   0x0007f2    program     static E:\3.46\pic18-lt\cxx-framework\src\traditional\stdclib\vfprintf.c
             speaker_tone   0x0004ce    program     extern E:\Microp Project\GroupB Microp.X\Main.c
                  sprintf   0x002236    program     extern E:\3.46\pic18-lt\cxx-framework\src\traditional\stdclib\sprintf.c
                   strlen   0x0025da    program     extern E:\3.46\pic18-lt\cxx-framework\src\traditional\stdclib\strlen.asm
                strlenpgm   0x0025f6    program     extern E:\3.46\pic18-lt\cxx-framework\src\traditional\stdclib\slenpgm.asm
                temp_read   0x000284    program     extern E:\Microp Project\GroupB Microp.X\Main.c
                     test   0x0022fc    program     static                          
                 vfprintf   0x00081e    program     extern E:\3.46\pic18-lt\cxx-framework\src\traditional\stdclib\vfprintf.c
               zero_block   0x002af2    program     static E:\3.46\pic18-lt\cxx-framework\src\traditional\proc\p18f4550.asm
                   ADCON0   0x000fc2       data     extern E:\3.46\pic18-lt\cxx-framework\src\traditional\proc\p18f4550.asm
               ADCON0bits   0x000fc2       data     extern E:\3.46\pic18-lt\cxx-framework\src\traditional\proc\p18f4550.asm
                   ADCON1   0x000fc1       data     extern E:\3.46\pic18-lt\cxx-framework\src\traditional\proc\p18f4550.asm
               ADCON1bits   0x000fc1       data     extern E:\3.46\pic18-lt\cxx-framework\src\traditional\proc\p18f4550.asm
                   ADCON2   0x000fc0       data     extern E:\3.46\pic18-lt\cxx-framework\src\traditional\proc\p18f4550.asm
               ADCON2bits   0x000fc0       data     extern E:\3.46\pic18-lt\cxx-framework\src\traditional\proc\p18f4550.asm
                    ADRES   0x000fc3       data     extern E:\3.46\pic18-lt\cxx-framework\src\traditional\proc\p18f4550.asm
                   ADRESH   0x000fc4       data     extern E:\3.46\pic18-lt\cxx-framework\src\traditional\proc\p18f4550.asm
                   ADRESL   0x000fc3       data     extern E:\3.46\pic18-lt\cxx-framework\src\traditional\proc\p18f4550.asm
                  BAUDCON   0x000fb8       data     extern E:\3.46\pic18-lt\cxx-framework\src\traditional\proc\p18f4550.asm
              BAUDCONbits   0x000fb8       data     extern E:\3.46\pic18-lt\cxx-framework\src\traditional\proc\p18f4550.asm
                  BAUDCTL   0x000fb8       data     extern E:\3.46\pic18-lt\cxx-framework\src\traditional\proc\p18f4550.asm
              BAUDCTLbits   0x000fb8       data     extern E:\3.46\pic18-lt\cxx-framework\src\traditional\proc\p18f4550.asm
                      BSR   0x000fe0       data     extern E:\3.46\pic18-lt\cxx-framework\src\traditional\proc\p18f4550.asm
                   CCP1AS   0x000fb6       data     extern E:\3.46\pic18-lt\cxx-framework\src\traditional\proc\p18f4550.asm
               CCP1ASbits   0x000fb6       data     extern E:\3.46\pic18-lt\cxx-framework\src\traditional\proc\p18f4550.asm
                  CCP1CON   0x000fbd       data     extern E:\3.46\pic18-lt\cxx-framework\src\traditional\proc\p18f4550.asm
              CCP1CONbits   0x000fbd       data     extern E:\3.46\pic18-lt\cxx-framework\src\traditional\proc\p18f4550.asm
                  CCP1DEL   0x000fb7       data     extern E:\3.46\pic18-lt\cxx-framework\src\traditional\proc\p18f4550.asm
              CCP1DELbits   0x000fb7       data     extern E:\3.46\pic18-lt\cxx-framework\src\traditional\proc\p18f4550.asm
                  CCP2CON   0x000fba       data     extern E:\3.46\pic18-lt\cxx-framework\src\traditional\proc\p18f4550.asm
              CCP2CONbits   0x000fba       data     extern E:\3.46\pic18-lt\cxx-framework\src\traditional\proc\p18f4550.asm
                    CCPR1   0x000fbe       data     extern E:\3.46\pic18-lt\cxx-framework\src\traditional\proc\p18f4550.asm
                   CCPR1H   0x000fbf       data     extern E:\3.46\pic18-lt\cxx-framework\src\traditional\proc\p18f4550.asm
                   CCPR1L   0x000fbe       data     extern E:\3.46\pic18-lt\cxx-framework\src\traditional\proc\p18f4550.asm
                    CCPR2   0x000fbb       data     extern E:\3.46\pic18-lt\cxx-framework\src\traditional\proc\p18f4550.asm
                   CCPR2H   0x000fbc       data     extern E:\3.46\pic18-lt\cxx-framework\src\traditional\proc\p18f4550.asm
                   CCPR2L   0x000fbb       data     extern E:\3.46\pic18-lt\cxx-framework\src\traditional\proc\p18f4550.asm
                    CMCON   0x000fb4       data     extern E:\3.46\pic18-lt\cxx-framework\src\traditional\proc\p18f4550.asm
                CMCONbits   0x000fb4       data     extern E:\3.46\pic18-lt\cxx-framework\src\traditional\proc\p18f4550.asm
                   CVRCON   0x000fb5       data     extern E:\3.46\pic18-lt\cxx-framework\src\traditional\proc\p18f4550.asm
               CVRCONbits   0x000fb5       data     extern E:\3.46\pic18-lt\cxx-framework\src\traditional\proc\p18f4550.asm
                CapStatus   0x0000bc       data     extern E:\3.46\pic18-lt\cxx-framework\src\pmc_common\CCP\cap18def.c
                 Count_10   0x000060       data     extern E:\Microp Project\GroupB Microp.X\Main.c
                     DDRA   0x000f92       data     extern E:\3.46\pic18-lt\cxx-framework\src\traditional\proc\p18f4550.asm
                 DDRAbits   0x000f92       data     extern E:\3.46\pic18-lt\cxx-framework\src\traditional\proc\p18f4550.asm
                     DDRB   0x000f93       data     extern E:\3.46\pic18-lt\cxx-framework\src\traditional\proc\p18f4550.asm
                 DDRBbits   0x000f93       data     extern E:\3.46\pic18-lt\cxx-framework\src\traditional\proc\p18f4550.asm
                     DDRC   0x000f94       data     extern E:\3.46\pic18-lt\cxx-framework\src\traditional\proc\p18f4550.asm
                 DDRCbits   0x000f94       data     extern E:\3.46\pic18-lt\cxx-framework\src\traditional\proc\p18f4550.asm
                     DDRD   0x000f95       data     extern E:\3.46\pic18-lt\cxx-framework\src\traditional\proc\p18f4550.asm
                 DDRDbits   0x000f95       data     extern E:\3.46\pic18-lt\cxx-framework\src\traditional\proc\p18f4550.asm
                     DDRE   0x000f96       data     extern E:\3.46\pic18-lt\cxx-framework\src\traditional\proc\p18f4550.asm
                 DDREbits   0x000f96       data     extern E:\3.46\pic18-lt\cxx-framework\src\traditional\proc\p18f4550.asm
            DelayCounter1   0x00002b       data     extern E:\3.46\pic18-lt\cxx-framework\src\traditional\delays\delayd1.asm
            DelayCounter2   0x00002a       data     extern E:\3.46\pic18-lt\cxx-framework\src\traditional\delays\delayd2.asm
                  ECCP1AS   0x000fb6       data     extern E:\3.46\pic18-lt\cxx-framework\src\traditional\proc\p18f4550.asm
              ECCP1ASbits   0x000fb6       data     extern E:\3.46\pic18-lt\cxx-framework\src\traditional\proc\p18f4550.asm
                 ECCP1CON   0x000fbd       data     extern E:\3.46\pic18-lt\cxx-framework\src\traditional\proc\p18f4550.asm
             ECCP1CONbits   0x000fbd       data     extern E:\3.46\pic18-lt\cxx-framework\src\traditional\proc\p18f4550.asm
                 ECCP1DEL   0x000fb7       data     extern E:\3.46\pic18-lt\cxx-framework\src\traditional\proc\p18f4550.asm
             ECCP1DELbits   0x000fb7       data     extern E:\3.46\pic18-lt\cxx-framework\src\traditional\proc\p18f4550.asm
                    EEADR   0x000fa9       data     extern E:\3.46\pic18-lt\cxx-framework\src\traditional\proc\p18f4550.asm
                   EECON1   0x000fa6       data     extern E:\3.46\pic18-lt\cxx-framework\src\traditional\proc\p18f4550.asm
               EECON1bits   0x000fa6       data     extern E:\3.46\pic18-lt\cxx-framework\src\traditional\proc\p18f4550.asm
                   EECON2   0x000fa7       data     extern E:\3.46\pic18-lt\cxx-framework\src\traditional\proc\p18f4550.asm
                   EEDATA   0x000fa8       data     extern E:\3.46\pic18-lt\cxx-framework\src\traditional\proc\p18f4550.asm
                     FSR0   0x000fe9       data     extern E:\3.46\pic18-lt\cxx-framework\src\traditional\proc\p18f4550.asm
                    FSR0H   0x000fea       data     extern E:\3.46\pic18-lt\cxx-framework\src\traditional\proc\p18f4550.asm
                    FSR0L   0x000fe9       data     extern E:\3.46\pic18-lt\cxx-framework\src\traditional\proc\p18f4550.asm
                     FSR1   0x000fe1       data     extern E:\3.46\pic18-lt\cxx-framework\src\traditional\proc\p18f4550.asm
                    FSR1H   0x000fe2       data     extern E:\3.46\pic18-lt\cxx-framework\src\traditional\proc\p18f4550.asm
                    FSR1L   0x000fe1       data     extern E:\3.46\pic18-lt\cxx-framework\src\traditional\proc\p18f4550.asm
                     FSR2   0x000fd9       data     extern E:\3.46\pic18-lt\cxx-framework\src\traditional\proc\p18f4550.asm
                    FSR2H   0x000fda       data     extern E:\3.46\pic18-lt\cxx-framework\src\traditional\proc\p18f4550.asm
                    FSR2L   0x000fd9       data     extern E:\3.46\pic18-lt\cxx-framework\src\traditional\proc\p18f4550.asm
                  HLVDCON   0x000fd2       data     extern E:\3.46\pic18-lt\cxx-framework\src\traditional\proc\p18f4550.asm
              HLVDCONbits   0x000fd2       data     extern E:\3.46\pic18-lt\cxx-framework\src\traditional\proc\p18f4550.asm
                        I   0x0000ba       data     extern E:\Microp Project\GroupB Microp.X\keypad.c
                    INDF0   0x000fef       data     extern E:\3.46\pic18-lt\cxx-framework\src\traditional\proc\p18f4550.asm
                    INDF1   0x000fe7       data     extern E:\3.46\pic18-lt\cxx-framework\src\traditional\proc\p18f4550.asm
                    INDF2   0x000fdf       data     extern E:\3.46\pic18-lt\cxx-framework\src\traditional\proc\p18f4550.asm
                   INTCON   0x000ff2       data     extern E:\3.46\pic18-lt\cxx-framework\src\traditional\proc\p18f4550.asm
                  INTCON2   0x000ff1       data     extern E:\3.46\pic18-lt\cxx-framework\src\traditional\proc\p18f4550.asm
              INTCON2bits   0x000ff1       data     extern E:\3.46\pic18-lt\cxx-framework\src\traditional\proc\p18f4550.asm
                  INTCON3   0x000ff0       data     extern E:\3.46\pic18-lt\cxx-framework\src\traditional\proc\p18f4550.asm
              INTCON3bits   0x000ff0       data     extern E:\3.46\pic18-lt\cxx-framework\src\traditional\proc\p18f4550.asm
               INTCONbits   0x000ff2       data     extern E:\3.46\pic18-lt\cxx-framework\src\traditional\proc\p18f4550.asm
                     IPR1   0x000f9f       data     extern E:\3.46\pic18-lt\cxx-framework\src\traditional\proc\p18f4550.asm
                 IPR1bits   0x000f9f       data     extern E:\3.46\pic18-lt\cxx-framework\src\traditional\proc\p18f4550.asm
                     IPR2   0x000fa2       data     extern E:\3.46\pic18-lt\cxx-framework\src\traditional\proc\p18f4550.asm
                 IPR2bits   0x000fa2       data     extern E:\3.46\pic18-lt\cxx-framework\src\traditional\proc\p18f4550.asm
                     LATA   0x000f89       data     extern E:\3.46\pic18-lt\cxx-framework\src\traditional\proc\p18f4550.asm
                 LATAbits   0x000f89       data     extern E:\3.46\pic18-lt\cxx-framework\src\traditional\proc\p18f4550.asm
                     LATB   0x000f8a       data     extern E:\3.46\pic18-lt\cxx-framework\src\traditional\proc\p18f4550.asm
                 LATBbits   0x000f8a       data     extern E:\3.46\pic18-lt\cxx-framework\src\traditional\proc\p18f4550.asm
                     LATC   0x000f8b       data     extern E:\3.46\pic18-lt\cxx-framework\src\traditional\proc\p18f4550.asm
                 LATCbits   0x000f8b       data     extern E:\3.46\pic18-lt\cxx-framework\src\traditional\proc\p18f4550.asm
                     LATD   0x000f8c       data     extern E:\3.46\pic18-lt\cxx-framework\src\traditional\proc\p18f4550.asm
                 LATDbits   0x000f8c       data     extern E:\3.46\pic18-lt\cxx-framework\src\traditional\proc\p18f4550.asm
                     LATE   0x000f8d       data     extern E:\3.46\pic18-lt\cxx-framework\src\traditional\proc\p18f4550.asm
                 LATEbits   0x000f8d       data     extern E:\3.46\pic18-lt\cxx-framework\src\traditional\proc\p18f4550.asm
                   LVDCON   0x000fd2       data     extern E:\3.46\pic18-lt\cxx-framework\src\traditional\proc\p18f4550.asm
               LVDCONbits   0x000fd2       data     extern E:\3.46\pic18-lt\cxx-framework\src\traditional\proc\p18f4550.asm
                   OSCCON   0x000fd3       data     extern E:\3.46\pic18-lt\cxx-framework\src\traditional\proc\p18f4550.asm
               OSCCONbits   0x000fd3       data     extern E:\3.46\pic18-lt\cxx-framework\src\traditional\proc\p18f4550.asm
                  OSCTUNE   0x000f9b       data     extern E:\3.46\pic18-lt\cxx-framework\src\traditional\proc\p18f4550.asm
              OSCTUNEbits   0x000f9b       data     extern E:\3.46\pic18-lt\cxx-framework\src\traditional\proc\p18f4550.asm
                       PC   0x000ff9       data     extern E:\3.46\pic18-lt\cxx-framework\src\traditional\proc\p18f4550.asm
                      PCL   0x000ff9       data     extern E:\3.46\pic18-lt\cxx-framework\src\traditional\proc\p18f4550.asm
                   PCLATH   0x000ffa       data     extern E:\3.46\pic18-lt\cxx-framework\src\traditional\proc\p18f4550.asm
                   PCLATU   0x000ffb       data     extern E:\3.46\pic18-lt\cxx-framework\src\traditional\proc\p18f4550.asm
                     PIE1   0x000f9d       data     extern E:\3.46\pic18-lt\cxx-framework\src\traditional\proc\p18f4550.asm
                 PIE1bits   0x000f9d       data     extern E:\3.46\pic18-lt\cxx-framework\src\traditional\proc\p18f4550.asm
                     PIE2   0x000fa0       data     extern E:\3.46\pic18-lt\cxx-framework\src\traditional\proc\p18f4550.asm
                 PIE2bits   0x000fa0       data     extern E:\3.46\pic18-lt\cxx-framework\src\traditional\proc\p18f4550.asm
                     PIR1   0x000f9e       data     extern E:\3.46\pic18-lt\cxx-framework\src\traditional\proc\p18f4550.asm
                 PIR1bits   0x000f9e       data     extern E:\3.46\pic18-lt\cxx-framework\src\traditional\proc\p18f4550.asm
                     PIR2   0x000fa1       data     extern E:\3.46\pic18-lt\cxx-framework\src\traditional\proc\p18f4550.asm
                 PIR2bits   0x000fa1       data     extern E:\3.46\pic18-lt\cxx-framework\src\traditional\proc\p18f4550.asm
                   PLUSW0   0x000feb       data     extern E:\3.46\pic18-lt\cxx-framework\src\traditional\proc\p18f4550.asm
                   PLUSW1   0x000fe3       data     extern E:\3.46\pic18-lt\cxx-framework\src\traditional\proc\p18f4550.asm
                   PLUSW2   0x000fdb       data     extern E:\3.46\pic18-lt\cxx-framework\src\traditional\proc\p18f4550.asm
                    PORTA   0x000f80       data     extern E:\3.46\pic18-lt\cxx-framework\src\traditional\proc\p18f4550.asm
                PORTAbits   0x000f80       data     extern E:\3.46\pic18-lt\cxx-framework\src\traditional\proc\p18f4550.asm
                    PORTB   0x000f81       data     extern E:\3.46\pic18-lt\cxx-framework\src\traditional\proc\p18f4550.asm
                PORTBbits   0x000f81       data     extern E:\3.46\pic18-lt\cxx-framework\src\traditional\proc\p18f4550.asm
                    PORTC   0x000f82       data     extern E:\3.46\pic18-lt\cxx-framework\src\traditional\proc\p18f4550.asm
                PORTCbits   0x000f82       data     extern E:\3.46\pic18-lt\cxx-framework\src\traditional\proc\p18f4550.asm
                    PORTD   0x000f83       data     extern E:\3.46\pic18-lt\cxx-framework\src\traditional\proc\p18f4550.asm
                PORTDbits   0x000f83       data     extern E:\3.46\pic18-lt\cxx-framework\src\traditional\proc\p18f4550.asm
                    PORTE   0x000f84       data     extern E:\3.46\pic18-lt\cxx-framework\src\traditional\proc\p18f4550.asm
                PORTEbits   0x000f84       data     extern E:\3.46\pic18-lt\cxx-framework\src\traditional\proc\p18f4550.asm
                 POSTDEC0   0x000fed       data     extern E:\3.46\pic18-lt\cxx-framework\src\traditional\proc\p18f4550.asm
                 POSTDEC1   0x000fe5       data     extern E:\3.46\pic18-lt\cxx-framework\src\traditional\proc\p18f4550.asm
                 POSTDEC2   0x000fdd       data     extern E:\3.46\pic18-lt\cxx-framework\src\traditional\proc\p18f4550.asm
                 POSTINC0   0x000fee       data     extern E:\3.46\pic18-lt\cxx-framework\src\traditional\proc\p18f4550.asm
                 POSTINC1   0x000fe6       data     extern E:\3.46\pic18-lt\cxx-framework\src\traditional\proc\p18f4550.asm
                 POSTINC2   0x000fde       data     extern E:\3.46\pic18-lt\cxx-framework\src\traditional\proc\p18f4550.asm
                      PR2   0x000fcb       data     extern E:\3.46\pic18-lt\cxx-framework\src\traditional\proc\p18f4550.asm
                  PREINC0   0x000fec       data     extern E:\3.46\pic18-lt\cxx-framework\src\traditional\proc\p18f4550.asm
                  PREINC1   0x000fe4       data     extern E:\3.46\pic18-lt\cxx-framework\src\traditional\proc\p18f4550.asm
                  PREINC2   0x000fdc       data     extern E:\3.46\pic18-lt\cxx-framework\src\traditional\proc\p18f4550.asm
                     PROD   0x000ff3       data     extern E:\3.46\pic18-lt\cxx-framework\src\traditional\proc\p18f4550.asm
                    PRODH   0x000ff4       data     extern E:\3.46\pic18-lt\cxx-framework\src\traditional\proc\p18f4550.asm
                    PRODL   0x000ff3       data     extern E:\3.46\pic18-lt\cxx-framework\src\traditional\proc\p18f4550.asm
                     RCON   0x000fd0       data     extern E:\3.46\pic18-lt\cxx-framework\src\traditional\proc\p18f4550.asm
                 RCONbits   0x000fd0       data     extern E:\3.46\pic18-lt\cxx-framework\src\traditional\proc\p18f4550.asm
                    RCREG   0x000fae       data     extern E:\3.46\pic18-lt\cxx-framework\src\traditional\proc\p18f4550.asm
                    RCSTA   0x000fab       data     extern E:\3.46\pic18-lt\cxx-framework\src\traditional\proc\p18f4550.asm
                RCSTAbits   0x000fab       data     extern E:\3.46\pic18-lt\cxx-framework\src\traditional\proc\p18f4550.asm
                     SIGN   0x000000       data     extern E:\3.46\pic18-lt\cxx-framework\src\traditional\math\cmath18.asm
                    SPBRG   0x000faf       data     extern E:\3.46\pic18-lt\cxx-framework\src\traditional\proc\p18f4550.asm
                   SPBRGH   0x000fb0       data     extern E:\3.46\pic18-lt\cxx-framework\src\traditional\proc\p18f4550.asm
                   SPPCFG   0x000f63       data     extern E:\3.46\pic18-lt\cxx-framework\src\traditional\proc\p18f4550.asm
               SPPCFGbits   0x000f63       data     extern E:\3.46\pic18-lt\cxx-framework\src\traditional\proc\p18f4550.asm
                   SPPCON   0x000f65       data     extern E:\3.46\pic18-lt\cxx-framework\src\traditional\proc\p18f4550.asm
               SPPCONbits   0x000f65       data     extern E:\3.46\pic18-lt\cxx-framework\src\traditional\proc\p18f4550.asm
                  SPPDATA   0x000f62       data     extern E:\3.46\pic18-lt\cxx-framework\src\traditional\proc\p18f4550.asm
                   SPPEPS   0x000f64       data     extern E:\3.46\pic18-lt\cxx-framework\src\traditional\proc\p18f4550.asm
               SPPEPSbits   0x000f64       data     extern E:\3.46\pic18-lt\cxx-framework\src\traditional\proc\p18f4550.asm
                   SSPADD   0x000fc8       data     extern E:\3.46\pic18-lt\cxx-framework\src\traditional\proc\p18f4550.asm
                   SSPBUF   0x000fc9       data     extern E:\3.46\pic18-lt\cxx-framework\src\traditional\proc\p18f4550.asm
                  SSPCON1   0x000fc6       data     extern E:\3.46\pic18-lt\cxx-framework\src\traditional\proc\p18f4550.asm
              SSPCON1bits   0x000fc6       data     extern E:\3.46\pic18-lt\cxx-framework\src\traditional\proc\p18f4550.asm
                  SSPCON2   0x000fc5       data     extern E:\3.46\pic18-lt\cxx-framework\src\traditional\proc\p18f4550.asm
              SSPCON2bits   0x000fc5       data     extern E:\3.46\pic18-lt\cxx-framework\src\traditional\proc\p18f4550.asm
                  SSPSTAT   0x000fc7       data     extern E:\3.46\pic18-lt\cxx-framework\src\traditional\proc\p18f4550.asm
              SSPSTATbits   0x000fc7       data     extern E:\3.46\pic18-lt\cxx-framework\src\traditional\proc\p18f4550.asm
                   STATUS   0x000fd8       data     extern E:\3.46\pic18-lt\cxx-framework\src\traditional\proc\p18f4550.asm
               STATUSbits   0x000fd8       data     extern E:\3.46\pic18-lt\cxx-framework\src\traditional\proc\p18f4550.asm
                   STKPTR   0x000ffc       data     extern E:\3.46\pic18-lt\cxx-framework\src\traditional\proc\p18f4550.asm
               STKPTRbits   0x000ffc       data     extern E:\3.46\pic18-lt\cxx-framework\src\traditional\proc\p18f4550.asm
                    T0CON   0x000fd5       data     extern E:\3.46\pic18-lt\cxx-framework\src\traditional\proc\p18f4550.asm
                T0CONbits   0x000fd5       data     extern E:\3.46\pic18-lt\cxx-framework\src\traditional\proc\p18f4550.asm
                    T1CON   0x000fcd       data     extern E:\3.46\pic18-lt\cxx-framework\src\traditional\proc\p18f4550.asm
                T1CONbits   0x000fcd       data     extern E:\3.46\pic18-lt\cxx-framework\src\traditional\proc\p18f4550.asm
                    T2CON   0x000fca       data     extern E:\3.46\pic18-lt\cxx-framework\src\traditional\proc\p18f4550.asm
                T2CONbits   0x000fca       data     extern E:\3.46\pic18-lt\cxx-framework\src\traditional\proc\p18f4550.asm
                    T3CON   0x000fb1       data     extern E:\3.46\pic18-lt\cxx-framework\src\traditional\proc\p18f4550.asm
                T3CONbits   0x000fb1       data     extern E:\3.46\pic18-lt\cxx-framework\src\traditional\proc\p18f4550.asm
                   TABLAT   0x000ff5       data     extern E:\3.46\pic18-lt\cxx-framework\src\traditional\proc\p18f4550.asm
                   TBLPTR   0x000ff6       data     extern E:\3.46\pic18-lt\cxx-framework\src\traditional\proc\p18f4550.asm
                  TBLPTRH   0x000ff7       data     extern E:\3.46\pic18-lt\cxx-framework\src\traditional\proc\p18f4550.asm
                  TBLPTRL   0x000ff6       data     extern E:\3.46\pic18-lt\cxx-framework\src\traditional\proc\p18f4550.asm
                  TBLPTRU   0x000ff8       data     extern E:\3.46\pic18-lt\cxx-framework\src\traditional\proc\p18f4550.asm
                    TMR0H   0x000fd7       data     extern E:\3.46\pic18-lt\cxx-framework\src\traditional\proc\p18f4550.asm
                    TMR0L   0x000fd6       data     extern E:\3.46\pic18-lt\cxx-framework\src\traditional\proc\p18f4550.asm
                    TMR1H   0x000fcf       data     extern E:\3.46\pic18-lt\cxx-framework\src\traditional\proc\p18f4550.asm
                    TMR1L   0x000fce       data     extern E:\3.46\pic18-lt\cxx-framework\src\traditional\proc\p18f4550.asm
                     TMR2   0x000fcc       data     extern E:\3.46\pic18-lt\cxx-framework\src\traditional\proc\p18f4550.asm
                    TMR3H   0x000fb3       data     extern E:\3.46\pic18-lt\cxx-framework\src\traditional\proc\p18f4550.asm
                    TMR3L   0x000fb2       data     extern E:\3.46\pic18-lt\cxx-framework\src\traditional\proc\p18f4550.asm
                      TOS   0x000ffd       data     extern E:\3.46\pic18-lt\cxx-framework\src\traditional\proc\p18f4550.asm
                     TOSH   0x000ffe       data     extern E:\3.46\pic18-lt\cxx-framework\src\traditional\proc\p18f4550.asm
                     TOSL   0x000ffd       data     extern E:\3.46\pic18-lt\cxx-framework\src\traditional\proc\p18f4550.asm
                     TOSU   0x000fff       data     extern E:\3.46\pic18-lt\cxx-framework\src\traditional\proc\p18f4550.asm
                    TRISA   0x000f92       data     extern E:\3.46\pic18-lt\cxx-framework\src\traditional\proc\p18f4550.asm
                TRISAbits   0x000f92       data     extern E:\3.46\pic18-lt\cxx-framework\src\traditional\proc\p18f4550.asm
                    TRISB   0x000f93       data     extern E:\3.46\pic18-lt\cxx-framework\src\traditional\proc\p18f4550.asm
                TRISBbits   0x000f93       data     extern E:\3.46\pic18-lt\cxx-framework\src\traditional\proc\p18f4550.asm
                    TRISC   0x000f94       data     extern E:\3.46\pic18-lt\cxx-framework\src\traditional\proc\p18f4550.asm
                TRISCbits   0x000f94       data     extern E:\3.46\pic18-lt\cxx-framework\src\traditional\proc\p18f4550.asm
                    TRISD   0x000f95       data     extern E:\3.46\pic18-lt\cxx-framework\src\traditional\proc\p18f4550.asm
                TRISDbits   0x000f95       data     extern E:\3.46\pic18-lt\cxx-framework\src\traditional\proc\p18f4550.asm
                    TRISE   0x000f96       data     extern E:\3.46\pic18-lt\cxx-framework\src\traditional\proc\p18f4550.asm
                TRISEbits   0x000f96       data     extern E:\3.46\pic18-lt\cxx-framework\src\traditional\proc\p18f4550.asm
                    TXREG   0x000fad       data     extern E:\3.46\pic18-lt\cxx-framework\src\traditional\proc\p18f4550.asm
                    TXSTA   0x000fac       data     extern E:\3.46\pic18-lt\cxx-framework\src\traditional\proc\p18f4550.asm
                TXSTAbits   0x000fac       data     extern E:\3.46\pic18-lt\cxx-framework\src\traditional\proc\p18f4550.asm
                    UADDR   0x000f6e       data     extern E:\3.46\pic18-lt\cxx-framework\src\traditional\proc\p18f4550.asm
                UADDRbits   0x000f6e       data     extern E:\3.46\pic18-lt\cxx-framework\src\traditional\proc\p18f4550.asm
                     UCFG   0x000f6f       data     extern E:\3.46\pic18-lt\cxx-framework\src\traditional\proc\p18f4550.asm
                 UCFGbits   0x000f6f       data     extern E:\3.46\pic18-lt\cxx-framework\src\traditional\proc\p18f4550.asm
                     UCON   0x000f6d       data     extern E:\3.46\pic18-lt\cxx-framework\src\traditional\proc\p18f4550.asm
                 UCONbits   0x000f6d       data     extern E:\3.46\pic18-lt\cxx-framework\src\traditional\proc\p18f4550.asm
                     UEIE   0x000f6b       data     extern E:\3.46\pic18-lt\cxx-framework\src\traditional\proc\p18f4550.asm
                 UEIEbits   0x000f6b       data     extern E:\3.46\pic18-lt\cxx-framework\src\traditional\proc\p18f4550.asm
                     UEIR   0x000f6a       data     extern E:\3.46\pic18-lt\cxx-framework\src\traditional\proc\p18f4550.asm
                 UEIRbits   0x000f6a       data     extern E:\3.46\pic18-lt\cxx-framework\src\traditional\proc\p18f4550.asm
                     UEP0   0x000f70       data     extern E:\3.46\pic18-lt\cxx-framework\src\traditional\proc\p18f4550.asm
                 UEP0bits   0x000f70       data     extern E:\3.46\pic18-lt\cxx-framework\src\traditional\proc\p18f4550.asm
                     UEP1   0x000f71       data     extern E:\3.46\pic18-lt\cxx-framework\src\traditional\proc\p18f4550.asm
                    UEP10   0x000f7a       data     extern E:\3.46\pic18-lt\cxx-framework\src\traditional\proc\p18f4550.asm
                UEP10bits   0x000f7a       data     extern E:\3.46\pic18-lt\cxx-framework\src\traditional\proc\p18f4550.asm
                    UEP11   0x000f7b       data     extern E:\3.46\pic18-lt\cxx-framework\src\traditional\proc\p18f4550.asm
                UEP11bits   0x000f7b       data     extern E:\3.46\pic18-lt\cxx-framework\src\traditional\proc\p18f4550.asm
                    UEP12   0x000f7c       data     extern E:\3.46\pic18-lt\cxx-framework\src\traditional\proc\p18f4550.asm
                UEP12bits   0x000f7c       data     extern E:\3.46\pic18-lt\cxx-framework\src\traditional\proc\p18f4550.asm
                    UEP13   0x000f7d       data     extern E:\3.46\pic18-lt\cxx-framework\src\traditional\proc\p18f4550.asm
                UEP13bits   0x000f7d       data     extern E:\3.46\pic18-lt\cxx-framework\src\traditional\proc\p18f4550.asm
                    UEP14   0x000f7e       data     extern E:\3.46\pic18-lt\cxx-framework\src\traditional\proc\p18f4550.asm
                UEP14bits   0x000f7e       data     extern E:\3.46\pic18-lt\cxx-framework\src\traditional\proc\p18f4550.asm
                    UEP15   0x000f7f       data     extern E:\3.46\pic18-lt\cxx-framework\src\traditional\proc\p18f4550.asm
                UEP15bits   0x000f7f       data     extern E:\3.46\pic18-lt\cxx-framework\src\traditional\proc\p18f4550.asm
                 UEP1bits   0x000f71       data     extern E:\3.46\pic18-lt\cxx-framework\src\traditional\proc\p18f4550.asm
                     UEP2   0x000f72       data     extern E:\3.46\pic18-lt\cxx-framework\src\traditional\proc\p18f4550.asm
                 UEP2bits   0x000f72       data     extern E:\3.46\pic18-lt\cxx-framework\src\traditional\proc\p18f4550.asm
                     UEP3   0x000f73       data     extern E:\3.46\pic18-lt\cxx-framework\src\traditional\proc\p18f4550.asm
                 UEP3bits   0x000f73       data     extern E:\3.46\pic18-lt\cxx-framework\src\traditional\proc\p18f4550.asm
                     UEP4   0x000f74       data     extern E:\3.46\pic18-lt\cxx-framework\src\traditional\proc\p18f4550.asm
                 UEP4bits   0x000f74       data     extern E:\3.46\pic18-lt\cxx-framework\src\traditional\proc\p18f4550.asm
                     UEP5   0x000f75       data     extern E:\3.46\pic18-lt\cxx-framework\src\traditional\proc\p18f4550.asm
                 UEP5bits   0x000f75       data     extern E:\3.46\pic18-lt\cxx-framework\src\traditional\proc\p18f4550.asm
                     UEP6   0x000f76       data     extern E:\3.46\pic18-lt\cxx-framework\src\traditional\proc\p18f4550.asm
                 UEP6bits   0x000f76       data     extern E:\3.46\pic18-lt\cxx-framework\src\traditional\proc\p18f4550.asm
                     UEP7   0x000f77       data     extern E:\3.46\pic18-lt\cxx-framework\src\traditional\proc\p18f4550.asm
                 UEP7bits   0x000f77       data     extern E:\3.46\pic18-lt\cxx-framework\src\traditional\proc\p18f4550.asm
                     UEP8   0x000f78       data     extern E:\3.46\pic18-lt\cxx-framework\src\traditional\proc\p18f4550.asm
                 UEP8bits   0x000f78       data     extern E:\3.46\pic18-lt\cxx-framework\src\traditional\proc\p18f4550.asm
                     UEP9   0x000f79       data     extern E:\3.46\pic18-lt\cxx-framework\src\traditional\proc\p18f4550.asm
                 UEP9bits   0x000f79       data     extern E:\3.46\pic18-lt\cxx-framework\src\traditional\proc\p18f4550.asm
                     UFRM   0x000f66       data     extern E:\3.46\pic18-lt\cxx-framework\src\traditional\proc\p18f4550.asm
                    UFRMH   0x000f67       data     extern E:\3.46\pic18-lt\cxx-framework\src\traditional\proc\p18f4550.asm
                UFRMHbits   0x000f67       data     extern E:\3.46\pic18-lt\cxx-framework\src\traditional\proc\p18f4550.asm
                    UFRML   0x000f66       data     extern E:\3.46\pic18-lt\cxx-framework\src\traditional\proc\p18f4550.asm
                UFRMLbits   0x000f66       data     extern E:\3.46\pic18-lt\cxx-framework\src\traditional\proc\p18f4550.asm
                      UIE   0x000f69       data     extern E:\3.46\pic18-lt\cxx-framework\src\traditional\proc\p18f4550.asm
                  UIEbits   0x000f69       data     extern E:\3.46\pic18-lt\cxx-framework\src\traditional\proc\p18f4550.asm
                      UIR   0x000f68       data     extern E:\3.46\pic18-lt\cxx-framework\src\traditional\proc\p18f4550.asm
                  UIRbits   0x000f68       data     extern E:\3.46\pic18-lt\cxx-framework\src\traditional\proc\p18f4550.asm
                    USTAT   0x000f6c       data     extern E:\3.46\pic18-lt\cxx-framework\src\traditional\proc\p18f4550.asm
                USTATbits   0x000f6c       data     extern E:\3.46\pic18-lt\cxx-framework\src\traditional\proc\p18f4550.asm
                        V   0x0000b8       data     extern E:\Microp Project\GroupB Microp.X\keypad.c
                   WDTCON   0x000fd1       data     extern E:\3.46\pic18-lt\cxx-framework\src\traditional\proc\p18f4550.asm
               WDTCONbits   0x000fd1       data     extern E:\3.46\pic18-lt\cxx-framework\src\traditional\proc\p18f4550.asm
                     WREG   0x000fe8       data     extern E:\3.46\pic18-lt\cxx-framework\src\traditional\proc\p18f4550.asm
                 __AARGB0   0x000009       data     extern E:\3.46\pic18-lt\cxx-framework\src\traditional\math\aarg.asm
                 __AARGB1   0x000008       data     extern E:\3.46\pic18-lt\cxx-framework\src\traditional\math\aarg.asm
                 __AARGB2   0x000007       data     extern E:\3.46\pic18-lt\cxx-framework\src\traditional\math\aarg.asm
                 __AARGB3   0x000006       data     extern E:\3.46\pic18-lt\cxx-framework\src\traditional\math\aarg.asm
                 __AARGB4   0x000005       data     extern E:\3.46\pic18-lt\cxx-framework\src\traditional\math\aarg.asm
                 __AARGB5   0x000004       data     extern E:\3.46\pic18-lt\cxx-framework\src\traditional\math\aarg.asm
                 __AARGB6   0x000003       data     extern E:\3.46\pic18-lt\cxx-framework\src\traditional\math\aarg.asm
                 __AARGB7   0x000002       data     extern E:\3.46\pic18-lt\cxx-framework\src\traditional\math\aarg.asm
                   __AEXP   0x00000a       data     extern E:\3.46\pic18-lt\cxx-framework\src\traditional\math\aarg.asm
                 __BARGB0   0x00000e       data     extern E:\3.46\pic18-lt\cxx-framework\src\traditional\math\barg.asm
                 __BARGB1   0x00000d       data     extern E:\3.46\pic18-lt\cxx-framework\src\traditional\math\barg.asm
                 __BARGB2   0x00000c       data     extern E:\3.46\pic18-lt\cxx-framework\src\traditional\math\barg.asm
                 __BARGB3   0x00000b       data     extern E:\3.46\pic18-lt\cxx-framework\src\traditional\math\barg.asm
                   __BEXP   0x00000f       data     extern E:\3.46\pic18-lt\cxx-framework\src\traditional\math\barg.asm
                __FPFLAGS   0x000001       data     extern E:\3.46\pic18-lt\cxx-framework\src\traditional\math\cmath18.asm
            __FPFLAGSbits   0x000001       data     extern E:\3.46\pic18-lt\cxx-framework\src\traditional\math\cmath18.asm
                  __REMB0   0x000005       data     extern E:\3.46\pic18-lt\cxx-framework\src\traditional\math\aarg.asm
[...]
                 DDRCbits   0x000f94       data     extern E:\3.46\pic18-lt\cxx-framework\src\traditional\proc\p18f4550.asm
                    TRISD   0x000f95       data     extern E:\3.46\pic18-lt\cxx-framework\src\traditional\proc\p18f4550.asm
                TRISDbits   0x000f95       data     extern E:\3.46\pic18-lt\cxx-framework\src\traditional\proc\p18f4550.asm
                 DDRDbits   0x000f95       data     extern E:\3.46\pic18-lt\cxx-framework\src\traditional\proc\p18f4550.asm
                     DDRD   0x000f95       data     extern E:\3.46\pic18-lt\cxx-framework\src\traditional\proc\p18f4550.asm
                TRISEbits   0x000f96       data     extern E:\3.46\pic18-lt\cxx-framework\src\traditional\proc\p18f4550.asm
                    TRISE   0x000f96       data     extern E:\3.46\pic18-lt\cxx-framework\src\traditional\proc\p18f4550.asm
                 DDREbits   0x000f96       data     extern E:\3.46\pic18-lt\cxx-framework\src\traditional\proc\p18f4550.asm
                     DDRE   0x000f96       data     extern E:\3.46\pic18-lt\cxx-framework\src\traditional\proc\p18f4550.asm
                  OSCTUNE   0x000f9b       data     extern E:\3.46\pic18-lt\cxx-framework\src\traditional\proc\p18f4550.asm
              OSCTUNEbits   0x000f9b       data     extern E:\3.46\pic18-lt\cxx-framework\src\traditional\proc\p18f4550.asm
                     PIE1   0x000f9d       data     extern E:\3.46\pic18-lt\cxx-framework\src\traditional\proc\p18f4550.asm
                 PIE1bits   0x000f9d       data     extern E:\3.46\pic18-lt\cxx-framework\src\traditional\proc\p18f4550.asm
                     PIR1   0x000f9e       data     extern E:\3.46\pic18-lt\cxx-framework\src\traditional\proc\p18f4550.asm
                 PIR1bits   0x000f9e       data     extern E:\3.46\pic18-lt\cxx-framework\src\traditional\proc\p18f4550.asm
                     IPR1   0x000f9f       data     extern E:\3.46\pic18-lt\cxx-framework\src\traditional\proc\p18f4550.asm
                 IPR1bits   0x000f9f       data     extern E:\3.46\pic18-lt\cxx-framework\src\traditional\proc\p18f4550.asm
                     PIE2   0x000fa0       data     extern E:\3.46\pic18-lt\cxx-framework\src\traditional\proc\p18f4550.asm
                 PIE2bits   0x000fa0       data     extern E:\3.46\pic18-lt\cxx-framework\src\traditional\proc\p18f4550.asm
                     PIR2   0x000fa1       data     extern E:\3.46\pic18-lt\cxx-framework\src\traditional\proc\p18f4550.asm
                 PIR2bits   0x000fa1       data     extern E:\3.46\pic18-lt\cxx-framework\src\traditional\proc\p18f4550.asm
                     IPR2   0x000fa2       data     extern E:\3.46\pic18-lt\cxx-framework\src\traditional\proc\p18f4550.asm
                 IPR2bits   0x000fa2       data     extern E:\3.46\pic18-lt\cxx-framework\src\traditional\proc\p18f4550.asm
                   EECON1   0x000fa6       data     extern E:\3.46\pic18-lt\cxx-framework\src\traditional\proc\p18f4550.asm
               EECON1bits   0x000fa6       data     extern E:\3.46\pic18-lt\cxx-framework\src\traditional\proc\p18f4550.asm
                   EECON2   0x000fa7       data     extern E:\3.46\pic18-lt\cxx-framework\src\traditional\proc\p18f4550.asm
                   EEDATA   0x000fa8       data     extern E:\3.46\pic18-lt\cxx-framework\src\traditional\proc\p18f4550.asm
                    EEADR   0x000fa9       data     extern E:\3.46\pic18-lt\cxx-framework\src\traditional\proc\p18f4550.asm
                RCSTAbits   0x000fab       data     extern E:\3.46\pic18-lt\cxx-framework\src\traditional\proc\p18f4550.asm
                    RCSTA   0x000fab       data     extern E:\3.46\pic18-lt\cxx-framework\src\traditional\proc\p18f4550.asm
                TXSTAbits   0x000fac       data     extern E:\3.46\pic18-lt\cxx-framework\src\traditional\proc\p18f4550.asm
                    TXSTA   0x000fac       data     extern E:\3.46\pic18-lt\cxx-framework\src\traditional\proc\p18f4550.asm
                    TXREG   0x000fad       data     extern E:\3.46\pic18-lt\cxx-framework\src\traditional\proc\p18f4550.asm
                    RCREG   0x000fae       data     extern E:\3.46\pic18-lt\cxx-framework\src\traditional\proc\p18f4550.asm
                    SPBRG   0x000faf       data     extern E:\3.46\pic18-lt\cxx-framework\src\traditional\proc\p18f4550.asm
                   SPBRGH   0x000fb0       data     extern E:\3.46\pic18-lt\cxx-framework\src\traditional\proc\p18f4550.asm
                    T3CON   0x000fb1       data     extern E:\3.46\pic18-lt\cxx-framework\src\traditional\proc\p18f4550.asm
                T3CONbits   0x000fb1       data     extern E:\3.46\pic18-lt\cxx-framework\src\traditional\proc\p18f4550.asm
                    TMR3L   0x000fb2       data     extern E:\3.46\pic18-lt\cxx-framework\src\traditional\proc\p18f4550.asm
                    TMR3H   0x000fb3       data     extern E:\3.46\pic18-lt\cxx-framework\src\traditional\proc\p18f4550.asm
                CMCONbits   0x000fb4       data     extern E:\3.46\pic18-lt\cxx-framework\src\traditional\proc\p18f4550.asm
                    CMCON   0x000fb4       data     extern E:\3.46\pic18-lt\cxx-framework\src\traditional\proc\p18f4550.asm
                   CVRCON   0x000fb5       data     extern E:\3.46\pic18-lt\cxx-framework\src\traditional\proc\p18f4550.asm
               CVRCONbits   0x000fb5       data     extern E:\3.46\pic18-lt\cxx-framework\src\traditional\proc\p18f4550.asm
                   CCP1AS   0x000fb6       data     extern E:\3.46\pic18-lt\cxx-framework\src\traditional\proc\p18f4550.asm
               CCP1ASbits   0x000fb6       data     extern E:\3.46\pic18-lt\cxx-framework\src\traditional\proc\p18f4550.asm
                  ECCP1AS   0x000fb6       data     extern E:\3.46\pic18-lt\cxx-framework\src\traditional\proc\p18f4550.asm
              ECCP1ASbits   0x000fb6       data     extern E:\3.46\pic18-lt\cxx-framework\src\traditional\proc\p18f4550.asm
                  CCP1DEL   0x000fb7       data     extern E:\3.46\pic18-lt\cxx-framework\src\traditional\proc\p18f4550.asm
              CCP1DELbits   0x000fb7       data     extern E:\3.46\pic18-lt\cxx-framework\src\traditional\proc\p18f4550.asm
             ECCP1DELbits   0x000fb7       data     extern E:\3.46\pic18-lt\cxx-framework\src\traditional\proc\p18f4550.asm
                 ECCP1DEL   0x000fb7       data     extern E:\3.46\pic18-lt\cxx-framework\src\traditional\proc\p18f4550.asm
              BAUDCONbits   0x000fb8       data     extern E:\3.46\pic18-lt\cxx-framework\src\traditional\proc\p18f4550.asm
                  BAUDCTL   0x000fb8       data     extern E:\3.46\pic18-lt\cxx-framework\src\traditional\proc\p18f4550.asm
              BAUDCTLbits   0x000fb8       data     extern E:\3.46\pic18-lt\cxx-framework\src\traditional\proc\p18f4550.asm
                  BAUDCON   0x000fb8       data     extern E:\3.46\pic18-lt\cxx-framework\src\traditional\proc\p18f4550.asm
                  CCP2CON   0x000fba       data     extern E:\3.46\pic18-lt\cxx-framework\src\traditional\proc\p18f4550.asm
              CCP2CONbits   0x000fba       data     extern E:\3.46\pic18-lt\cxx-framework\src\traditional\proc\p18f4550.asm
                   CCPR2L   0x000fbb       data     extern E:\3.46\pic18-lt\cxx-framework\src\traditional\proc\p18f4550.asm
                    CCPR2   0x000fbb       data     extern E:\3.46\pic18-lt\cxx-framework\src\traditional\proc\p18f4550.asm
                   CCPR2H   0x000fbc       data     extern E:\3.46\pic18-lt\cxx-framework\src\traditional\proc\p18f4550.asm
             ECCP1CONbits   0x000fbd       data     extern E:\3.46\pic18-lt\cxx-framework\src\traditional\proc\p18f4550.asm
                 ECCP1CON   0x000fbd       data     extern E:\3.46\pic18-lt\cxx-framework\src\traditional\proc\p18f4550.asm
              CCP1CONbits   0x000fbd       data     extern E:\3.46\pic18-lt\cxx-framework\src\traditional\proc\p18f4550.asm
                  CCP1CON   0x000fbd       data     extern E:\3.46\pic18-lt\cxx-framework\src\traditional\proc\p18f4550.asm
                   CCPR1L   0x000fbe       data     extern E:\3.46\pic18-lt\cxx-framework\src\traditional\proc\p18f4550.asm
                    CCPR1   0x000fbe       data     extern E:\3.46\pic18-lt\cxx-framework\src\traditional\proc\p18f4550.asm
                   CCPR1H   0x000fbf       data     extern E:\3.46\pic18-lt\cxx-framework\src\traditional\proc\p18f4550.asm
               ADCON2bits   0x000fc0       data     extern E:\3.46\pic18-lt\cxx-framework\src\traditional\proc\p18f4550.asm
                   ADCON2   0x000fc0       data     extern E:\3.46\pic18-lt\cxx-framework\src\traditional\proc\p18f4550.asm
               ADCON1bits   0x000fc1       data     extern E:\3.46\pic18-lt\cxx-framework\src\traditional\proc\p18f4550.asm
                   ADCON1   0x000fc1       data     extern E:\3.46\pic18-lt\cxx-framework\src\traditional\proc\p18f4550.asm
                   ADCON0   0x000fc2       data     extern E:\3.46\pic18-lt\cxx-framework\src\traditional\proc\p18f4550.asm
               ADCON0bits   0x000fc2       data     extern E:\3.46\pic18-lt\cxx-framework\src\traditional\proc\p18f4550.asm
                    ADRES   0x000fc3       data     extern E:\3.46\pic18-lt\cxx-framework\src\traditional\proc\p18f4550.asm
                   ADRESL   0x000fc3       data     extern E:\3.46\pic18-lt\cxx-framework\src\traditional\proc\p18f4550.asm
                   ADRESH   0x000fc4       data     extern E:\3.46\pic18-lt\cxx-framework\src\traditional\proc\p18f4550.asm
                  SSPCON2   0x000fc5       data     extern E:\3.46\pic18-lt\cxx-framework\src\traditional\proc\p18f4550.asm
              SSPCON2bits   0x000fc5       data     extern E:\3.46\pic18-lt\cxx-framework\src\traditional\proc\p18f4550.asm
                  SSPCON1   0x000fc6       data     extern E:\3.46\pic18-lt\cxx-framework\src\traditional\proc\p18f4550.asm
              SSPCON1bits   0x000fc6       data     extern E:\3.46\pic18-lt\cxx-framework\src\traditional\proc\p18f4550.asm
                  SSPSTAT   0x000fc7       data     extern E:\3.46\pic18-lt\cxx-framework\src\traditional\proc\p18f4550.asm
              SSPSTATbits   0x000fc7       data     extern E:\3.46\pic18-lt\cxx-framework\src\traditional\proc\p18f4550.asm
                   SSPADD   0x000fc8       data     extern E:\3.46\pic18-lt\cxx-framework\src\traditional\proc\p18f4550.asm
                   SSPBUF   0x000fc9       data     extern E:\3.46\pic18-lt\cxx-framework\src\traditional\proc\p18f4550.asm
                T2CONbits   0x000fca       data     extern E:\3.46\pic18-lt\cxx-framework\src\traditional\proc\p18f4550.asm
                    T2CON   0x000fca       data     extern E:\3.46\pic18-lt\cxx-framework\src\traditional\proc\p18f4550.asm
                      PR2   0x000fcb       data     extern E:\3.46\pic18-lt\cxx-framework\src\traditional\proc\p18f4550.asm
                     TMR2   0x000fcc       data     extern E:\3.46\pic18-lt\cxx-framework\src\traditional\proc\p18f4550.asm
                T1CONbits   0x000fcd       data     extern E:\3.46\pic18-lt\cxx-framework\src\traditional\proc\p18f4550.asm
                    T1CON   0x000fcd       data     extern E:\3.46\pic18-lt\cxx-framework\src\traditional\proc\p18f4550.asm
                    TMR1L   0x000fce       data     extern E:\3.46\pic18-lt\cxx-framework\src\traditional\proc\p18f4550.asm
                    TMR1H   0x000fcf       data     extern E:\3.46\pic18-lt\cxx-framework\src\traditional\proc\p18f4550.asm
                 RCONbits   0x000fd0       data     extern E:\3.46\pic18-lt\cxx-framework\src\traditional\proc\p18f4550.asm
                     RCON   0x000fd0       data     extern E:\3.46\pic18-lt\cxx-framework\src\traditional\proc\p18f4550.asm
                   WDTCON   0x000fd1       data     extern E:\3.46\pic18-lt\cxx-framework\src\traditional\proc\p18f4550.asm
               WDTCONbits   0x000fd1       data     extern E:\3.46\pic18-lt\cxx-framework\src\traditional\proc\p18f4550.asm
               LVDCONbits   0x000fd2       data     extern E:\3.46\pic18-lt\cxx-framework\src\traditional\proc\p18f4550.asm
                   LVDCON   0x000fd2       data     extern E:\3.46\pic18-lt\cxx-framework\src\traditional\proc\p18f4550.asm
              HLVDCONbits   0x000fd2       data     extern E:\3.46\pic18-lt\cxx-framework\src\traditional\proc\p18f4550.asm
                  HLVDCON   0x000fd2       data     extern E:\3.46\pic18-lt\cxx-framework\src\traditional\proc\p18f4550.asm
               OSCCONbits   0x000fd3       data     extern E:\3.46\pic18-lt\cxx-framework\src\traditional\proc\p18f4550.asm
                   OSCCON   0x000fd3       data     extern E:\3.46\pic18-lt\cxx-framework\src\traditional\proc\p18f4550.asm
                    T0CON   0x000fd5       data     extern E:\3.46\pic18-lt\cxx-framework\src\traditional\proc\p18f4550.asm
                T0CONbits   0x000fd5       data     extern E:\3.46\pic18-lt\cxx-framework\src\traditional\proc\p18f4550.asm
                    TMR0L   0x000fd6       data     extern E:\3.46\pic18-lt\cxx-framework\src\traditional\proc\p18f4550.asm
                    TMR0H   0x000fd7       data     extern E:\3.46\pic18-lt\cxx-framework\src\traditional\proc\p18f4550.asm
               STATUSbits   0x000fd8       data     extern E:\3.46\pic18-lt\cxx-framework\src\traditional\proc\p18f4550.asm
                   STATUS   0x000fd8       data     extern E:\3.46\pic18-lt\cxx-framework\src\traditional\proc\p18f4550.asm
                    FSR2L   0x000fd9       data     extern E:\3.46\pic18-lt\cxx-framework\src\traditional\proc\p18f4550.asm
                     FSR2   0x000fd9       data     extern E:\3.46\pic18-lt\cxx-framework\src\traditional\proc\p18f4550.asm
                    FSR2H   0x000fda       data     extern E:\3.46\pic18-lt\cxx-framework\src\traditional\proc\p18f4550.asm
                   PLUSW2   0x000fdb       data     extern E:\3.46\pic18-lt\cxx-framework\src\traditional\proc\p18f4550.asm
                  PREINC2   0x000fdc       data     extern E:\3.46\pic18-lt\cxx-framework\src\traditional\proc\p18f4550.asm
                 POSTDEC2   0x000fdd       data     extern E:\3.46\pic18-lt\cxx-framework\src\traditional\proc\p18f4550.asm
                 POSTINC2   0x000fde       data     extern E:\3.46\pic18-lt\cxx-framework\src\traditional\proc\p18f4550.asm
                    INDF2   0x000fdf       data     extern E:\3.46\pic18-lt\cxx-framework\src\traditional\proc\p18f4550.asm
                      BSR   0x000fe0       data     extern E:\3.46\pic18-lt\cxx-framework\src\traditional\proc\p18f4550.asm
                     FSR1   0x000fe1       data     extern E:\3.46\pic18-lt\cxx-framework\src\traditional\proc\p18f4550.asm
                    FSR1L   0x000fe1       data     extern E:\3.46\pic18-lt\cxx-framework\src\traditional\proc\p18f4550.asm
                    FSR1H   0x000fe2       data     extern E:\3.46\pic18-lt\cxx-framework\src\traditional\proc\p18f4550.asm
                   PLUSW1   0x000fe3       data     extern E:\3.46\pic18-lt\cxx-framework\src\traditional\proc\p18f4550.asm
                  PREINC1   0x000fe4       data     extern E:\3.46\pic18-lt\cxx-framework\src\traditional\proc\p18f4550.asm
                 POSTDEC1   0x000fe5       data     extern E:\3.46\pic18-lt\cxx-framework\src\traditional\proc\p18f4550.asm
                 POSTINC1   0x000fe6       data     extern E:\3.46\pic18-lt\cxx-framework\src\traditional\proc\p18f4550.asm
                    INDF1   0x000fe7       data     extern E:\3.46\pic18-lt\cxx-framework\src\traditional\proc\p18f4550.asm
                     WREG   0x000fe8       data     extern E:\3.46\pic18-lt\cxx-framework\src\traditional\proc\p18f4550.asm
                     FSR0   0x000fe9       data     extern E:\3.46\pic18-lt\cxx-framework\src\traditional\proc\p18f4550.asm
                    FSR0L   0x000fe9       data     extern E:\3.46\pic18-lt\cxx-framework\src\traditional\proc\p18f4550.asm
                    FSR0H   0x000fea       data     extern E:\3.46\pic18-lt\cxx-framework\src\traditional\proc\p18f4550.asm
                   PLUSW0   0x000feb       data     extern E:\3.46\pic18-lt\cxx-framework\src\traditional\proc\p18f4550.asm
                  PREINC0   0x000fec       data     extern E:\3.46\pic18-lt\cxx-framework\src\traditional\proc\p18f4550.asm
                 POSTDEC0   0x000fed       data     extern E:\3.46\pic18-lt\cxx-framework\src\traditional\proc\p18f4550.asm
                 POSTINC0   0x000fee       data     extern E:\3.46\pic18-lt\cxx-framework\src\traditional\proc\p18f4550.asm
                    INDF0   0x000fef       data     extern E:\3.46\pic18-lt\cxx-framework\src\traditional\proc\p18f4550.asm
              INTCON3bits   0x000ff0       data     extern E:\3.46\pic18-lt\cxx-framework\src\traditional\proc\p18f4550.asm
                  INTCON3   0x000ff0       data     extern E:\3.46\pic18-lt\cxx-framework\src\traditional\proc\p18f4550.asm
              INTCON2bits   0x000ff1       data     extern E:\3.46\pic18-lt\cxx-framework\src\traditional\proc\p18f4550.asm
                  INTCON2   0x000ff1       data     extern E:\3.46\pic18-lt\cxx-framework\src\traditional\proc\p18f4550.asm
               INTCONbits   0x000ff2       data     extern E:\3.46\pic18-lt\cxx-framework\src\traditional\proc\p18f4550.asm
                   INTCON   0x000ff2       data     extern E:\3.46\pic18-lt\cxx-framework\src\traditional\proc\p18f4550.asm
                     PROD   0x000ff3       data     extern E:\3.46\pic18-lt\cxx-framework\src\traditional\proc\p18f4550.asm
                    PRODL   0x000ff3       data     extern E:\3.46\pic18-lt\cxx-framework\src\traditional\proc\p18f4550.asm
                    PRODH   0x000ff4       data     extern E:\3.46\pic18-lt\cxx-framework\src\traditional\proc\p18f4550.asm
                   TABLAT   0x000ff5       data     extern E:\3.46\pic18-lt\cxx-framework\src\traditional\proc\p18f4550.asm
                   TBLPTR   0x000ff6       data     extern E:\3.46\pic18-lt\cxx-framework\src\traditional\proc\p18f4550.asm
                  TBLPTRL   0x000ff6       data     extern E:\3.46\pic18-lt\cxx-framework\src\traditional\proc\p18f4550.asm
                  TBLPTRH   0x000ff7       data     extern E:\3.46\pic18-lt\cxx-framework\src\traditional\proc\p18f4550.asm
                  TBLPTRU   0x000ff8       data     extern E:\3.46\pic18-lt\cxx-framework\src\traditional\proc\p18f4550.asm
                      PCL   0x000ff9       data     extern E:\3.46\pic18-lt\cxx-framework\src\traditional\proc\p18f4550.asm
                       PC   0x000ff9       data     extern E:\3.46\pic18-lt\cxx-framework\src\traditional\proc\p18f4550.asm
                   PCLATH   0x000ffa       data     extern E:\3.46\pic18-lt\cxx-framework\src\traditional\proc\p18f4550.asm
                   PCLATU   0x000ffb       data     extern E:\3.46\pic18-lt\cxx-framework\src\traditional\proc\p18f4550.asm
                   STKPTR   0x000ffc       data     extern E:\3.46\pic18-lt\cxx-framework\src\traditional\proc\p18f4550.asm
               STKPTRbits   0x000ffc       data     extern E:\3.46\pic18-lt\cxx-framework\src\traditional\proc\p18f4550.asm
                      TOS   0x000ffd       data     extern E:\3.46\pic18-lt\cxx-framework\src\traditional\proc\p18f4550.asm
                     TOSL   0x000ffd       data     extern E:\3.46\pic18-lt\cxx-framework\src\traditional\proc\p18f4550.asm
                     TOSH   0x000ffe       data     extern E:\3.46\pic18-lt\cxx-framework\src\traditional\proc\p18f4550.asm
                     TOSU   0x000fff       data     extern E:\3.46\pic18-lt\cxx-framework\src\traditional\proc\p18f4550.asm


